Archive member included to satisfy reference by file (symbol)

app/libapp.a(main.c.obj)      (--whole-archive)
zephyr/libzephyr.a(heap.c.obj)
                              (--whole-archive)
zephyr/libzephyr.a(cbprintf_packaged.c.obj)
                              (--whole-archive)
zephyr/libzephyr.a(printk.c.obj)
                              (--whole-archive)
zephyr/libzephyr.a(sem.c.obj)
                              (--whole-archive)
zephyr/libzephyr.a(thread_entry.c.obj)
                              (--whole-archive)
zephyr/libzephyr.a(cbprintf_complete.c.obj)
                              (--whole-archive)
zephyr/libzephyr.a(assert.c.obj)
                              (--whole-archive)
zephyr/libzephyr.a(reboot.c.obj)
                              (--whole-archive)
zephyr/libzephyr.a(dec.c.obj)
                              (--whole-archive)
zephyr/libzephyr.a(hex.c.obj)
                              (--whole-archive)
zephyr/libzephyr.a(rb.c.obj)  (--whole-archive)
zephyr/libzephyr.a(timeutil.c.obj)
                              (--whole-archive)
zephyr/libzephyr.a(bitarray.c.obj)
                              (--whole-archive)
zephyr/libzephyr.a(configs.c.obj)
                              (--whole-archive)
zephyr/libzephyr.a(stm32cube_hal.c.obj)
                              (--whole-archive)
zephyr/libzephyr.a(soc_config.c.obj)
                              (--whole-archive)
zephyr/libzephyr.a(soc.c.obj)
                              (--whole-archive)
zephyr/libzephyr.a(mem_attr.c.obj)
                              (--whole-archive)
zephyr/libzephyr.a(tracing_none.c.obj)
                              (--whole-archive)
zephyr/arch/common/libarch__common.a(sw_isr_common.c.obj)
                              (--whole-archive)
zephyr/arch/arch/arm/core/libarch__arm__core.a(fatal.c.obj)
                              (--whole-archive)
zephyr/arch/arch/arm/core/libarch__arm__core.a(nmi.c.obj)
                              (--whole-archive)
zephyr/arch/arch/arm/core/libarch__arm__core.a(nmi_on_reset.S.obj)
                              (--whole-archive)
zephyr/arch/arch/arm/core/libarch__arm__core.a(tls.c.obj)
                              (--whole-archive)
zephyr/arch/arch/arm/core/cortex_m/libarch__arm__core__cortex_m.a(exc_exit.c.obj)
                              (--whole-archive)
zephyr/arch/arch/arm/core/cortex_m/libarch__arm__core__cortex_m.a(fault.c.obj)
                              (--whole-archive)
zephyr/arch/arch/arm/core/cortex_m/libarch__arm__core__cortex_m.a(fault_s.S.obj)
                              (--whole-archive)
zephyr/arch/arch/arm/core/cortex_m/libarch__arm__core__cortex_m.a(fpu.c.obj)
                              (--whole-archive)
zephyr/arch/arch/arm/core/cortex_m/libarch__arm__core__cortex_m.a(reset.S.obj)
                              (--whole-archive)
zephyr/arch/arch/arm/core/cortex_m/libarch__arm__core__cortex_m.a(scb.c.obj)
                              (--whole-archive)
zephyr/arch/arch/arm/core/cortex_m/libarch__arm__core__cortex_m.a(thread_abort.c.obj)
                              (--whole-archive)
zephyr/arch/arch/arm/core/cortex_m/libarch__arm__core__cortex_m.a(vector_table.S.obj)
                              (--whole-archive)
zephyr/arch/arch/arm/core/cortex_m/libarch__arm__core__cortex_m.a(swap_helper.S.obj)
                              (--whole-archive)
zephyr/arch/arch/arm/core/cortex_m/libarch__arm__core__cortex_m.a(irq_manage.c.obj)
                              (--whole-archive)
zephyr/arch/arch/arm/core/cortex_m/libarch__arm__core__cortex_m.a(prep_c.c.obj)
                              (--whole-archive)
zephyr/arch/arch/arm/core/cortex_m/libarch__arm__core__cortex_m.a(thread.c.obj)
                              (--whole-archive)
zephyr/arch/arch/arm/core/cortex_m/libarch__arm__core__cortex_m.a(cpu_idle.c.obj)
                              (--whole-archive)
zephyr/arch/arch/arm/core/cortex_m/libarch__arm__core__cortex_m.a(irq_init.c.obj)
                              (--whole-archive)
zephyr/arch/arch/arm/core/cortex_m/libarch__arm__core__cortex_m.a(isr_wrapper.c.obj)
                              (--whole-archive)
zephyr/arch/arch/arm/core/cortex_m/libarch__arm__core__cortex_m.a(__aeabi_read_tp.S.obj)
                              (--whole-archive)
zephyr/arch/arch/arm/core/mpu/libarch__arm__core__mpu.a(arm_core_mpu.c.obj)
                              (--whole-archive)
zephyr/arch/arch/arm/core/mpu/libarch__arm__core__mpu.a(arm_mpu.c.obj)
                              (--whole-archive)
zephyr/arch/arch/arm/core/mpu/libarch__arm__core__mpu.a(arm_mpu_regions.c.obj)
                              (--whole-archive)
zephyr/lib/libc/picolibc/liblib__libc__picolibc.a(assert.c.obj)
                              (--whole-archive)
zephyr/lib/libc/picolibc/liblib__libc__picolibc.a(cbprintf.c.obj)
                              (--whole-archive)
zephyr/lib/libc/picolibc/liblib__libc__picolibc.a(chk_fail.c.obj)
                              (--whole-archive)
[...]
Memory Configuration

Name             Origin             Length             Attributes
FLASH            0x0000000008000000 0x0000000000080000 xr
RAM              0x0000000020000000 0x0000000000020000 xw
IDT_LIST         0x00000000ffff7fff 0x0000000000008000 xw
*default*        0x0000000000000000 0xffffffffffffffff

Linker script and memory map

                0x0000000008003800                vfprintf = __l_vfprintf
                0x0000000000000000                vfscanf = __l_vfscanf
LOAD zephyr/CMakeFiles/zephyr_pre0.dir/misc/empty_file.c.obj
LOAD zephyr/CMakeFiles/offsets.dir/./arch/arm/core/offsets/offsets.c.obj
LOAD app/libapp.a
LOAD zephyr/libzephyr.a
LOAD zephyr/arch/common/libarch__common.a
LOAD zephyr/arch/arch/arm/core/libarch__arm__core.a
LOAD zephyr/arch/arch/arm/core/cortex_m/libarch__arm__core__cortex_m.a
LOAD zephyr/arch/arch/arm/core/mpu/libarch__arm__core__mpu.a
LOAD zephyr/lib/libc/picolibc/liblib__libc__picolibc.a
LOAD zephyr/lib/libc/common/liblib__libc__common.a
LOAD zephyr/drivers/interrupt_controller/libdrivers__interrupt_controller.a
LOAD zephyr/drivers/clock_control/libdrivers__clock_control.a
LOAD zephyr/drivers/console/libdrivers__console.a
LOAD zephyr/drivers/dma/libdrivers__dma.a
LOAD zephyr/drivers/gpio/libdrivers__gpio.a
LOAD zephyr/drivers/i2s/libdrivers__i2s.a
LOAD zephyr/drivers/pinctrl/libdrivers__pinctrl.a
LOAD zephyr/drivers/reset/libdrivers__reset.a
LOAD zephyr/drivers/serial/libdrivers__serial.a
LOAD zephyr/drivers/timer/libdrivers__timer.a
LOAD modules/hal_stm32/stm32cube/lib..__modules__hal__stm32__stm32cube.a
LOAD zephyr/kernel/libkernel.a
LOAD zephyr/arch/common/libisr_tables.a
LOAD /Users/johnextremesourcreme/zephyr-sdk-0.17.0/arm-zephyr-eabi/bin/../lib/gcc/../../picolibc/arm-zephyr-eabi/lib/thumb/v7e-m/nofp/libc.a
LOAD /Users/johnextremesourcreme/zephyr-sdk-0.17.0/arm-zephyr-eabi/bin/../lib/gcc/arm-zephyr-eabi/12.2.0/thumb/v7e-m/nofp/libgcc.a
                0x0000000000000020                _region_min_align = 0x20

.rel.plt        0x0000000008000000        0x0
 *(SORT_BY_ALIGNMENT(.rel.plt))
                [!provide]                        PROVIDE (__rel_iplt_start = .)
 *(SORT_BY_ALIGNMENT(.rel.iplt))
 .rel.iplt      0x0000000008000000        0x0 app/libapp.a(main.c.obj)
                [!provide]                        PROVIDE (__rel_iplt_end = .)

.rela.plt       0x0000000000000000        0x0
 *(SORT_BY_ALIGNMENT(.rela.plt))
                [!provide]                        PROVIDE (__rela_iplt_start = .)
 *(SORT_BY_ALIGNMENT(.rela.iplt))
                [!provide]                        PROVIDE (__rela_iplt_end = .)

.rel.dyn
 *(SORT_BY_ALIGNMENT(.rel.*))

.rela.dyn
 *(SORT_BY_ALIGNMENT(.rela.*))

/DISCARD/
 *(SORT_BY_ALIGNMENT(.plt))

/DISCARD/
 *(SORT_BY_ALIGNMENT(.iplt))
                0x0000000008000000                __rom_region_start = 0x8000000

rom_start       0x0000000008000000      0x198
                0x0000000008000000                __rom_start_address = .
 FILL mask 0x00
                0x0000000008000000                . = (. + (0x0 - (. - __rom_start_address)))
                0x0000000008000000                . = ALIGN (0x4)
                0x0000000008000000                . = ALIGN (0x80)
                0x0000000008000000                . = ALIGN (0x200)
                0x0000000008000000                _vector_start = .
 *(SORT_BY_ALIGNMENT(.exc_vector_table))
 *(SORT_BY_ALIGNMENT(.exc_vector_table.*))
 .exc_vector_table._vector_table_section
                0x0000000008000000       0x40 zephyr/arch/arch/arm/core/cortex_m/libarch__arm__core__cortex_m.a(vector_table.S.obj)
                0x0000000008000000                _vector_table
 *(SORT_BY_ALIGNMENT(.vectors))
                0x0000000008000198                _vector_end = .
                0x0000000008000040                . = ALIGN (0x4)
 *(SORT_BY_ALIGNMENT(.gnu.linkonce.irq_vector_table*))
 .gnu.linkonce.irq_vector_table
                0x0000000008000040      0x158 zephyr/arch/common/libisr_tables.a(isr_tables.c.obj)
                0x0000000008000040                _irq_vector_table
                0x0000000008000198                _vector_end = .

text            0x0000000008000198     0x4ee4
                0x0000000008000198                __text_region_start = .
 *(SORT_BY_ALIGNMENT(.text))
 .text          0x0000000008000198       0x30 /Users/johnextremesourcreme/zephyr-sdk-0.17.0/arm-zephyr-eabi/bin/../lib/gcc/arm-zephyr-eabi/12.2.0/thumb/v7e-m/nofp/libgcc.a(_aeabi_uldivmod.o)
                0x0000000008000198                __aeabi_uldivmod
 .text          0x00000000080001c8        0x4 /Users/johnextremesourcreme/zephyr-sdk-0.17.0/arm-zephyr-eabi/bin/../lib/gcc/arm-zephyr-eabi/12.2.0/thumb/v7e-m/nofp/libgcc.a(_dvmd_tls.o)
                0x00000000080001c8                __aeabi_ldiv0
                0x00000000080001c8                __aeabi_idiv0
 .text          0x00000000080001cc      0x2a0 /Users/johnextremesourcreme/zephyr-sdk-0.17.0/arm-zephyr-eabi/bin/../lib/gcc/arm-zephyr-eabi/12.2.0/thumb/v7e-m/nofp/libgcc.a(_udivmoddi4.o)
                0x00000000080001cc                __udivmoddi4
 *(SORT_BY_ALIGNMENT(.text.*))
 .text.main     0x000000000800046c      0x160 app/libapp.a(main.c.obj)
                0x000000000800046c                main
 .text.char_out
                0x00000000080005cc        0xc zephyr/libzephyr.a(printk.c.obj)
 .text.__printk_hook_install
                0x00000000080005d8        0xc zephyr/libzephyr.a(printk.c.obj)
                0x00000000080005d8                __printk_hook_install
 .text.vprintk  0x00000000080005e4       0x30 zephyr/libzephyr.a(printk.c.obj)
                0x00000000080005e4                vprintk
 .text.z_thread_entry
                0x0000000008000614       0x34 zephyr/libzephyr.a(thread_entry.c.obj)
                0x0000000008000614                z_thread_entry
 .text.st_stm32_common_config
                0x0000000008000648       0x14 zephyr/libzephyr.a(soc_config.c.obj)
 .text.soc_early_init_hook
                0x000000000800065c       0x30 zephyr/libzephyr.a(soc.c.obj)
                0x000000000800065c                soc_early_init_hook
 .text.mem_attr_get_regions
                0x000000000800068c        0xc zephyr/libzephyr.a(mem_attr.c.obj)
                0x000000000800068c                mem_attr_get_regions
 .text.z_arm_nmi
                0x0000000008000698       0x14 zephyr/arch/arch/arm/core/libarch__arm__core.a(nmi.c.obj)
                0x0000000008000698                z_arm_nmi
 .text.z_SysNmiOnReset
                0x00000000080006ac        0x8 zephyr/arch/arch/arm/core/libarch__arm__core.a(nmi_on_reset.S.obj)
                0x00000000080006ac                z_SysNmiOnReset
 .text.arch_tls_stack_setup
                0x00000000080006b4       0x40 zephyr/arch/arch/arm/core/libarch__arm__core.a(tls.c.obj)
                0x00000000080006b4                arch_tls_stack_setup
 .text._HandlerModeExit
                0x00000000080006f4       0x28 zephyr/arch/arch/arm/core/cortex_m/libarch__arm__core__cortex_m.a(exc_exit.c.obj)
                0x00000000080006f4                z_arm_exc_exit
                0x00000000080006f4                z_arm_int_exit
 .text.mem_manage_fault
                0x000000000800071c       0xa0 zephyr/arch/arch/arm/core/cortex_m/libarch__arm__core__cortex_m.a(fault.c.obj)
 .text.usage_fault.constprop.0
                0x00000000080007bc       0x54 zephyr/arch/arch/arm/core/cortex_m/libarch__arm__core__cortex_m.a(fault.c.obj)
 .text.bus_fault.constprop.0
                0x0000000008000810       0x6c zephyr/arch/arch/arm/core/cortex_m/libarch__arm__core__cortex_m.a(fault.c.obj)
 .text.z_arm_fault
                0x000000000800087c      0x128 zephyr/arch/arch/arm/core/cortex_m/libarch__arm__core__cortex_m.a(fault.c.obj)
                0x000000000800087c                z_arm_fault
 .text.z_arm_fault_init
                0x00000000080009a4       0x18 zephyr/arch/arch/arm/core/cortex_m/libarch__arm__core__cortex_m.a(fault.c.obj)
                0x00000000080009a4                z_arm_fault_init
 .text.__fault  0x00000000080009bc       0x14 zephyr/arch/arch/arm/core/cortex_m/libarch__arm__core__cortex_m.a(fault_s.S.obj)
                0x00000000080009bc                z_arm_bus_fault
                0x00000000080009bc                z_arm_usage_fault
                0x00000000080009bc                z_arm_mpu_fault
                0x00000000080009bc                z_arm_exc_spurious
                0x00000000080009bc                z_arm_debug_monitor
                0x00000000080009bc                z_arm_hard_fault
 .text._reset_section
                0x00000000080009d0       0x2c zephyr/arch/arch/arm/core/cortex_m/libarch__arm__core__cortex_m.a(reset.S.obj)
                0x00000000080009d0                z_arm_reset
                0x00000000080009d0                __start
 .text.z_impl_k_thread_abort
                0x00000000080009fc       0x2c zephyr/arch/arch/arm/core/cortex_m/libarch__arm__core__cortex_m.a(thread_abort.c.obj)
                0x00000000080009fc                z_impl_k_thread_abort
 .text.z_arm_pendsv
                0x0000000008000a28       0x64 zephyr/arch/arch/arm/core/cortex_m/libarch__arm__core__cortex_m.a(swap_helper.S.obj)
                0x0000000008000a28                z_arm_pendsv
 .text.z_arm_svc
                0x0000000008000a8c       0x24 zephyr/arch/arch/arm/core/cortex_m/libarch__arm__core__cortex_m.a(swap_helper.S.obj)
                0x0000000008000a8c                z_arm_svc
 .text.arch_irq_enable
                0x0000000008000ab0       0x1c zephyr/arch/arch/arm/core/cortex_m/libarch__arm__core__cortex_m.a(irq_manage.c.obj)
                0x0000000008000ab0                arch_irq_enable
 .text.z_arm_irq_priority_set
                0x0000000008000acc       0x30 zephyr/arch/arch/arm/core/cortex_m/libarch__arm__core__cortex_m.a(irq_manage.c.obj)
                0x0000000008000acc                z_arm_irq_priority_set
 .text.z_prep_c
                0x0000000008000afc       0x48 zephyr/arch/arch/arm/core/cortex_m/libarch__arm__core__cortex_m.a(prep_c.c.obj)
                0x0000000008000afc                z_prep_c
 .text.arch_new_thread
                0x0000000008000b44       0x38 zephyr/arch/arch/arm/core/cortex_m/libarch__arm__core__cortex_m.a(thread.c.obj)
                0x0000000008000b44                arch_new_thread
 .text.z_check_thread_stack_fail
                0x0000000008000b7c       0x2c zephyr/arch/arch/arm/core/cortex_m/libarch__arm__core__cortex_m.a(thread.c.obj)
                0x0000000008000b7c                z_check_thread_stack_fail
 .text.arch_switch_to_main_thread
                0x0000000008000ba8       0x3c zephyr/arch/arch/arm/core/cortex_m/libarch__arm__core__cortex_m.a(thread.c.obj)
                0x0000000008000ba8                arch_switch_to_main_thread
 .text.z_arm_cpu_idle_init
                0x0000000008000be4        0xc zephyr/arch/arch/arm/core/cortex_m/libarch__arm__core__cortex_m.a(cpu_idle.c.obj)
                0x0000000008000be4                z_arm_cpu_idle_init
 .text.z_arm_interrupt_init
                0x0000000008000bf0       0x18 zephyr/arch/arch/arm/core/cortex_m/libarch__arm__core__cortex_m.a(irq_init.c.obj)
                0x0000000008000bf0                z_arm_interrupt_init
 .text._isr_wrapper
                0x0000000008000c08       0x24 zephyr/arch/arch/arm/core/cortex_m/libarch__arm__core__cortex_m.a(isr_wrapper.c.obj)
                0x0000000008000c08                _isr_wrapper
 .text.z_arm_configure_static_mpu_regions
                0x0000000008000c2c       0x18 zephyr/arch/arch/arm/core/mpu/libarch__arm__core__mpu.a(arm_core_mpu.c.obj)
                0x0000000008000c2c                z_arm_configure_static_mpu_regions
 .text.z_arm_configure_dynamic_mpu_regions
                0x0000000008000c44       0x20 zephyr/arch/arch/arm/core/mpu/libarch__arm__core__mpu.a(arm_core_mpu.c.obj)
                0x0000000008000c44                z_arm_configure_dynamic_mpu_regions
 .text.region_init
                0x0000000008000c64       0x28 zephyr/arch/arch/arm/core/mpu/libarch__arm__core__mpu.a(arm_mpu.c.obj)
 .text.mpu_configure_regions
                0x0000000008000c8c       0x6c zephyr/arch/arch/arm/core/mpu/libarch__arm__core__mpu.a(arm_mpu.c.obj)
 .text.arm_core_mpu_enable
                0x0000000008000cf8       0x18 zephyr/arch/arch/arm/core/mpu/libarch__arm__core__mpu.a(arm_mpu.c.obj)
                0x0000000008000cf8                arm_core_mpu_enable
 .text.arm_core_mpu_disable
                0x0000000008000d10       0x14 zephyr/arch/arch/arm/core/mpu/libarch__arm__core__mpu.a(arm_mpu.c.obj)
                0x0000000008000d10                arm_core_mpu_disable
 .text.arm_core_mpu_configure_static_mpu_regions
                0x0000000008000d24       0x14 zephyr/arch/arch/arm/core/mpu/libarch__arm__core__mpu.a(arm_mpu.c.obj)
                0x0000000008000d24                arm_core_mpu_configure_static_mpu_regions
 .text.arm_core_mpu_configure_dynamic_mpu_regions
                0x0000000008000d38       0x38 zephyr/arch/arch/arm/core/mpu/libarch__arm__core__mpu.a(arm_mpu.c.obj)
                0x0000000008000d38                arm_core_mpu_configure_dynamic_mpu_regions
 .text.z_arm_mpu_init
                0x0000000008000d70      0x168 zephyr/arch/arch/arm/core/mpu/libarch__arm__core__mpu.a(arm_mpu.c.obj)
                0x0000000008000d70                z_arm_mpu_init
 .text.z_impl_zephyr_fputc
                0x0000000008000ed8       0x10 zephyr/lib/libc/picolibc/liblib__libc__picolibc.a(stdio.c.obj)
                0x0000000008000ed8                z_impl_zephyr_fputc
 .text.__stdout_hook_install
                0x0000000008000ee8       0x18 zephyr/lib/libc/picolibc/liblib__libc__picolibc.a(stdio.c.obj)
                0x0000000008000ee8                __stdout_hook_install
 .text.malloc_prepare
                0x0000000008000f00       0x24 zephyr/lib/libc/common/liblib__libc__common.a(malloc.c.obj)
 .text.stm32_exti_isr
                0x0000000008000f24       0x50 zephyr/drivers/interrupt_controller/libdrivers__interrupt_controller.a(intc_exti_stm32.c.obj)
 .text.stm32_fill_irq_table
                0x0000000008000f74       0x18 zephyr/drivers/interrupt_controller/libdrivers__interrupt_controller.a(intc_exti_stm32.c.obj)
 .text.stm32_exti_init
                0x0000000008000f8c       0xac zephyr/drivers/interrupt_controller/libdrivers__interrupt_controller.a(intc_exti_stm32.c.obj)
 .text.stm32_gpio_intc_enable_line
                0x0000000008001038       0x2c zephyr/drivers/interrupt_controller/libdrivers__interrupt_controller.a(intc_exti_stm32.c.obj)
                0x0000000008001038                stm32_gpio_intc_enable_line
 .text.stm32_gpio_intc_disable_line
                0x0000000008001064       0x10 zephyr/drivers/interrupt_controller/libdrivers__interrupt_controller.a(intc_exti_stm32.c.obj)
                0x0000000008001064                stm32_gpio_intc_disable_line
 .text.stm32_gpio_intc_select_line_trigger
                0x0000000008001074       0x50 zephyr/drivers/interrupt_controller/libdrivers__interrupt_controller.a(intc_exti_stm32.c.obj)
                0x0000000008001074                stm32_gpio_intc_select_line_trigger
 .text.stm32_gpio_intc_set_irq_callback
                0x00000000080010c4       0x40 zephyr/drivers/interrupt_controller/libdrivers__interrupt_controller.a(intc_exti_stm32.c.obj)
                0x00000000080010c4                stm32_gpio_intc_set_irq_callback
 .text.stm32_gpio_intc_remove_irq_callback
                0x0000000008001104       0x24 zephyr/drivers/interrupt_controller/libdrivers__interrupt_controller.a(intc_exti_stm32.c.obj)
                0x0000000008001104                stm32_gpio_intc_remove_irq_callback
 .text.stm32_exti_get_line_src_port
                0x0000000008001128       0x30 zephyr/drivers/interrupt_controller/libdrivers__interrupt_controller.a(intc_exti_stm32.c.obj)
                0x0000000008001128                stm32_exti_get_line_src_port
 .text.stm32_clock_control_get_subsys_rate
                0x0000000008001158       0xa8 zephyr/drivers/clock_control/libdrivers__clock_control.a(clock_stm32_ll_common.c.obj)
 .text.stm32_clock_control_init
                0x0000000008001200      0x11c zephyr/drivers/clock_control/libdrivers__clock_control.a(clock_stm32_ll_common.c.obj)
                0x0000000008001200                stm32_clock_control_init
 .text.get_pllsrc_frequency
                0x000000000800131c        0x8 zephyr/drivers/clock_control/libdrivers__clock_control.a(clock_stm32f2_f4_f7.c.obj)
                0x000000000800131c                get_pllsrc_frequency
 .text.config_pll_sysclock
                0x0000000008001324       0x3c zephyr/drivers/clock_control/libdrivers__clock_control.a(clock_stm32f2_f4_f7.c.obj)
                0x0000000008001324                config_pll_sysclock
 .text.config_enable_default_clocks
                0x0000000008001360       0x20 zephyr/drivers/clock_control/libdrivers__clock_control.a(clock_stm32f2_f4_f7.c.obj)
                0x0000000008001360                config_enable_default_clocks
 .text.uart_console_init
                0x0000000008001380       0x28 zephyr/drivers/console/libdrivers__console.a(uart_console.c.obj)
 .text.console_out
                0x00000000080013a8       0x28 zephyr/drivers/console/libdrivers__console.a(uart_console.c.obj)
 .text.dma_stm32_get_status
                0x00000000080013d0       0x44 zephyr/drivers/dma/libdrivers__dma.a(dma_stm32.c.obj)
 .text.dma_stm32_init
                0x0000000008001414       0x60 zephyr/drivers/dma/libdrivers__dma.a(dma_stm32.c.obj)
 .text.dma_stm32_configure
                0x0000000008001474      0x2c8 zephyr/drivers/dma/libdrivers__dma.a(dma_stm32.c.obj)
 .text.dma_stm32_stop
                0x000000000800173c       0x74 zephyr/drivers/dma/libdrivers__dma.a(dma_stm32.c.obj)
 .text.dma_stm32_reload
                0x00000000080017b0       0xf4 zephyr/drivers/dma/libdrivers__dma.a(dma_stm32.c.obj)
 .text.dma_stm32_id_to_stream
                0x00000000080018a4        0xc zephyr/drivers/dma/libdrivers__dma.a(dma_stm32_v1.c.obj)
                0x00000000080018a4                dma_stm32_id_to_stream
 .text.dma_stm32_slot_to_channel
                0x00000000080018b0        0xc zephyr/drivers/dma/libdrivers__dma.a(dma_stm32_v1.c.obj)
                0x00000000080018b0                dma_stm32_slot_to_channel
 .text.dma_stm32_clear_ht
                0x00000000080018bc        0xc zephyr/drivers/dma/libdrivers__dma.a(dma_stm32_v1.c.obj)
                0x00000000080018bc                dma_stm32_clear_ht
 .text.dma_stm32_clear_tc
                0x00000000080018c8        0xc zephyr/drivers/dma/libdrivers__dma.a(dma_stm32_v1.c.obj)
                0x00000000080018c8                dma_stm32_clear_tc
 .text.dma_stm32_is_ht_active
                0x00000000080018d4       0x18 zephyr/drivers/dma/libdrivers__dma.a(dma_stm32_v1.c.obj)
                0x00000000080018d4                dma_stm32_is_ht_active
 .text.dma_stm32_is_tc_active
                0x00000000080018ec       0x18 zephyr/drivers/dma/libdrivers__dma.a(dma_stm32_v1.c.obj)
                0x00000000080018ec                dma_stm32_is_tc_active
 .text.dma_stm32_clear_te
                0x0000000008001904        0xc zephyr/drivers/dma/libdrivers__dma.a(dma_stm32_v1.c.obj)
                0x0000000008001904                dma_stm32_clear_te
 .text.dma_stm32_clear_dme
                0x0000000008001910        0xc zephyr/drivers/dma/libdrivers__dma.a(dma_stm32_v1.c.obj)
                0x0000000008001910                dma_stm32_clear_dme
 .text.dma_stm32_clear_fe
                0x000000000800191c        0xc zephyr/drivers/dma/libdrivers__dma.a(dma_stm32_v1.c.obj)
                0x000000000800191c                dma_stm32_clear_fe
 .text.dma_stm32_is_fe_active
                0x0000000008001928       0x18 zephyr/drivers/dma/libdrivers__dma.a(dma_stm32_v1.c.obj)
                0x0000000008001928                dma_stm32_is_fe_active
 .text.stm32_dma_is_tc_irq_active
                0x0000000008001940       0x2c zephyr/drivers/dma/libdrivers__dma.a(dma_stm32_v1.c.obj)
                0x0000000008001940                stm32_dma_is_tc_irq_active
 .text.stm32_dma_is_ht_irq_active
                0x000000000800196c       0x2c zephyr/drivers/dma/libdrivers__dma.a(dma_stm32_v1.c.obj)
                0x000000000800196c                stm32_dma_is_ht_irq_active
 .text.stm32_dma_is_unexpected_irq_happened
                0x0000000008001998       0x3c zephyr/drivers/dma/libdrivers__dma.a(dma_stm32_v1.c.obj)
                0x0000000008001998                stm32_dma_is_unexpected_irq_happened
 .text.stm32_dma_enable_stream
                0x00000000080019d4       0x1c zephyr/drivers/dma/libdrivers__dma.a(dma_stm32_v1.c.obj)
                0x00000000080019d4                stm32_dma_enable_stream
 .text.stm32_dma_is_enabled_stream
                0x00000000080019f0       0x1c zephyr/drivers/dma/libdrivers__dma.a(dma_stm32_v1.c.obj)
                0x00000000080019f0                stm32_dma_is_enabled_stream
 .text.stm32_dma_disable_stream
                0x0000000008001a0c       0x34 zephyr/drivers/dma/libdrivers__dma.a(dma_stm32_v1.c.obj)
                0x0000000008001a0c                stm32_dma_disable_stream
 .text.stm32_dma_disable_fifo_irq
                0x0000000008001a40       0x20 zephyr/drivers/dma/libdrivers__dma.a(dma_stm32_v1.c.obj)
                0x0000000008001a40                stm32_dma_disable_fifo_irq
 .text.stm32_dma_get_mburst
                0x0000000008001a60       0x1c zephyr/drivers/dma/libdrivers__dma.a(dma_stm32_v1.c.obj)
                0x0000000008001a60                stm32_dma_get_mburst
 .text.stm32_dma_get_pburst
                0x0000000008001a7c       0x1c zephyr/drivers/dma/libdrivers__dma.a(dma_stm32_v1.c.obj)
                0x0000000008001a7c                stm32_dma_get_pburst
 .text.gpio_stm32_pin_interrupt_configure
                0x0000000008001a98       0xb0 zephyr/drivers/gpio/libdrivers__gpio.a(gpio_stm32.c.obj)
 .text.gpio_stm32_init
                0x0000000008001b48       0x30 zephyr/drivers/gpio/libdrivers__gpio.a(gpio_stm32.c.obj)
 .text.i2s_stm32_isr
                0x0000000008001b78       0x4c zephyr/drivers/i2s/libdrivers__i2s.a(i2s_ll_stm32.c.obj)
 .text.rx_stream_start
                0x0000000008001bc4       0x98 zephyr/drivers/i2s/libdrivers__i2s.a(i2s_ll_stm32.c.obj)
 .text.tx_stream_disable
                0x0000000008001c5c       0x54 zephyr/drivers/i2s/libdrivers__i2s.a(i2s_ll_stm32.c.obj)
 .text.rx_stream_disable
                0x0000000008001cb0       0x4c zephyr/drivers/i2s/libdrivers__i2s.a(i2s_ll_stm32.c.obj)
 .text.i2s_stm32_configure
                0x0000000008001cfc      0x1d0 zephyr/drivers/i2s/libdrivers__i2s.a(i2s_ll_stm32.c.obj)
 .text.dma_rx_callback
                0x0000000008001ecc       0x7c zephyr/drivers/i2s/libdrivers__i2s.a(i2s_ll_stm32.c.obj)
 .text.dma_tx_callback
                0x0000000008001f48       0xb4 zephyr/drivers/i2s/libdrivers__i2s.a(i2s_ll_stm32.c.obj)
 .text.tx_stream_start
                0x0000000008001ffc       0x9c zephyr/drivers/i2s/libdrivers__i2s.a(i2s_ll_stm32.c.obj)
 .text.i2s_stm32_initialize
                0x0000000008002098       0xd8 zephyr/drivers/i2s/libdrivers__i2s.a(i2s_ll_stm32.c.obj)
 .text.pinctrl_configure_pins
                0x0000000008002170       0x84 zephyr/drivers/pinctrl/libdrivers__pinctrl.a(pinctrl_stm32.c.obj)
                0x0000000008002170                pinctrl_configure_pins
 .text.uart_stm32_parameters_set
                0x00000000080021f4       0xf8 zephyr/drivers/serial/libdrivers__serial.a(uart_stm32.c.obj)
 .text.uart_stm32_configure
                0x00000000080022ec      0x13c zephyr/drivers/serial/libdrivers__serial.a(uart_stm32.c.obj)
 .text.uart_stm32_init
                0x0000000008002428       0xa8 zephyr/drivers/serial/libdrivers__serial.a(uart_stm32.c.obj)
 .text.elapsed  0x00000000080024d0       0x4c zephyr/drivers/timer/libdrivers__timer.a(cortex_m_systick.c.obj)
 .text.sys_clock_driver_init
                0x000000000800251c       0x38 zephyr/drivers/timer/libdrivers__timer.a(cortex_m_systick.c.obj)
 .text.sys_clock_isr
                0x0000000008002554       0x60 zephyr/drivers/timer/libdrivers__timer.a(cortex_m_systick.c.obj)
                0x0000000008002554                sys_clock_isr
 .text.sys_clock_set_timeout
                0x00000000080025b4       0xf8 zephyr/drivers/timer/libdrivers__timer.a(cortex_m_systick.c.obj)
                0x00000000080025b4                sys_clock_set_timeout
 .text.sys_clock_elapsed
                0x00000000080026ac       0x3c zephyr/drivers/timer/libdrivers__timer.a(cortex_m_systick.c.obj)
                0x00000000080026ac                sys_clock_elapsed
 .text.sys_clock_cycle_get_32
                0x00000000080026e8       0x28 zephyr/drivers/timer/libdrivers__timer.a(cortex_m_systick.c.obj)
                0x00000000080026e8                sys_clock_cycle_get_32
 .text.HAL_RCC_GetSysClockFreq
                0x0000000008002710       0x5c modules/hal_stm32/stm32cube/lib..__modules__hal__stm32__stm32cube.a(stm32f4xx_hal_rcc.c.obj)
                0x0000000008002710                HAL_RCC_GetSysClockFreq
 .text.LL_DMA_Init
                0x000000000800276c       0x84 modules/hal_stm32/stm32cube/lib..__modules__hal__stm32__stm32cube.a(stm32f4xx_ll_dma.c.obj)
                0x000000000800276c                LL_DMA_Init
 .text.LL_SetFlashLatency
                0x00000000080027f0      0x10c modules/hal_stm32/stm32cube/lib..__modules__hal__stm32__stm32cube.a(stm32f4xx_ll_utils.c.obj)
                0x00000000080027f0                LL_SetFlashLatency
 .text.z_fatal_error
                0x00000000080028fc       0x30 zephyr/kernel/libkernel.a(fatal.c.obj)
                0x00000000080028fc                z_fatal_error
 .text.z_sys_init_run_level
                0x000000000800292c       0x2c zephyr/kernel/libkernel.a(init.c.obj)
 .text.bg_thread_main
                0x0000000008002958       0xc4 zephyr/kernel/libkernel.a(init.c.obj)
 .text.z_bss_zero
                0x0000000008002a1c       0x18 zephyr/kernel/libkernel.a(init.c.obj)
                0x0000000008002a1c                z_bss_zero
 .text.z_init_cpu
                0x0000000008002a34       0x70 zephyr/kernel/libkernel.a(init.c.obj)
                0x0000000008002a34                z_init_cpu
 .text.z_cstart
                0x0000000008002aa4       0xdc zephyr/kernel/libkernel.a(init.c.obj)
                0x0000000008002aa4                z_cstart
 .text.init_mem_slab_obj_core_list
                0x0000000008002b80       0x24 zephyr/kernel/libkernel.a(mem_slab.c.obj)
 .text.k_mem_slab_alloc
                0x0000000008002ba4       0x5c zephyr/kernel/libkernel.a(mem_slab.c.obj)
                0x0000000008002ba4                k_mem_slab_alloc
 .text.z_impl_k_sem_give
                0x0000000008002c00       0x68 zephyr/kernel/libkernel.a(sem.c.obj)
                0x0000000008002c00                z_impl_k_sem_give
 .text.z_impl_k_sem_take
                0x0000000008002c68       0x4c zephyr/kernel/libkernel.a(sem.c.obj)
                0x0000000008002c68                z_impl_k_sem_take
 .text.z_impl_k_sem_reset
                0x0000000008002cb4       0x60 zephyr/kernel/libkernel.a(sem.c.obj)
                0x0000000008002cb4                z_impl_k_sem_reset
 .text.z_setup_new_thread
                0x0000000008002d14       0x9c zephyr/kernel/libkernel.a(thread.c.obj)
                0x0000000008002d14                z_setup_new_thread
 .text.z_swap_irqlock
                0x0000000008002db0       0x30 zephyr/kernel/libkernel.a(sched.c.obj)
 .text.unready_thread
                0x0000000008002de0       0x54 zephyr/kernel/libkernel.a(sched.c.obj)
 .text.ready_thread
                0x0000000008002e34       0x90 zephyr/kernel/libkernel.a(sched.c.obj)
 .text.z_thread_halt
                0x0000000008002ec4      0x10c zephyr/kernel/libkernel.a(sched.c.obj)
 .text.move_thread_to_end_of_prio_q
                0x0000000008002fd0       0x94 zephyr/kernel/libkernel.a(sched.c.obj)
                0x0000000008002fd0                move_thread_to_end_of_prio_q
 .text.z_impl_k_thread_suspend
                0x0000000008003064       0x8c zephyr/kernel/libkernel.a(sched.c.obj)
                0x0000000008003064                z_impl_k_thread_suspend
 .text.z_pend_curr
                0x00000000080030f0       0x58 zephyr/kernel/libkernel.a(sched.c.obj)
                0x00000000080030f0                z_pend_curr
 .text.z_reschedule
                0x0000000008003148       0x24 zephyr/kernel/libkernel.a(sched.c.obj)
                0x0000000008003148                z_reschedule
 .text.z_impl_k_thread_resume
                0x000000000800316c       0x3c zephyr/kernel/libkernel.a(sched.c.obj)
                0x000000000800316c                z_impl_k_thread_resume
 .text.z_reschedule_irqlock
                0x00000000080031a8       0x28 zephyr/kernel/libkernel.a(sched.c.obj)
                0x00000000080031a8                z_reschedule_irqlock
 .text.k_sched_lock
                0x00000000080031d0       0x28 zephyr/kernel/libkernel.a(sched.c.obj)
                0x00000000080031d0                k_sched_lock
 .text.k_sched_unlock
                0x00000000080031f8       0x6c zephyr/kernel/libkernel.a(sched.c.obj)
                0x00000000080031f8                k_sched_unlock
 .text.z_sched_init
                0x0000000008003264       0x10 zephyr/kernel/libkernel.a(sched.c.obj)
                0x0000000008003264                z_sched_init
 .text.z_impl_k_yield
                0x0000000008003274       0x8c zephyr/kernel/libkernel.a(sched.c.obj)
                0x0000000008003274                z_impl_k_yield
 .text.z_tick_sleep
                0x0000000008003300       0x80 zephyr/kernel/libkernel.a(sched.c.obj)
 .text.z_impl_k_sleep
                0x0000000008003380       0x3c zephyr/kernel/libkernel.a(sched.c.obj)
                0x0000000008003380                z_impl_k_sleep
 .text.z_impl_k_sched_current_thread_query
                0x00000000080033bc        0xc zephyr/kernel/libkernel.a(sched.c.obj)
                0x00000000080033bc                z_impl_k_sched_current_thread_query
 .text.slice_timeout
                0x00000000080033c8       0x20 zephyr/kernel/libkernel.a(timeslicing.c.obj)
 .text.thread_is_sliceable
                0x00000000080033e8       0x40 zephyr/kernel/libkernel.a(timeslicing.c.obj)
                0x00000000080033e8                thread_is_sliceable
 .text.z_reset_time_slice
                0x0000000008003428       0x50 zephyr/kernel/libkernel.a(timeslicing.c.obj)
                0x0000000008003428                z_reset_time_slice
 .text.z_time_slice
                0x0000000008003478       0x60 zephyr/kernel/libkernel.a(timeslicing.c.obj)
                0x0000000008003478                z_time_slice
 .text.z_data_copy
                0x00000000080034d8       0x38 zephyr/kernel/libkernel.a(xip.c.obj)
                0x00000000080034d8                z_data_copy
 .text.elapsed  0x0000000008003510       0x14 zephyr/kernel/libkernel.a(timeout.c.obj)
 .text.remove_timeout
                0x0000000008003524       0x38 zephyr/kernel/libkernel.a(timeout.c.obj)
 .text.next_timeout
                0x000000000800355c       0x40 zephyr/kernel/libkernel.a(timeout.c.obj)
 .text.z_add_timeout
                0x000000000800359c       0xf4 zephyr/kernel/libkernel.a(timeout.c.obj)
                0x000000000800359c                z_add_timeout
 .text.sys_clock_announce
                0x0000000008003690       0xd0 zephyr/kernel/libkernel.a(timeout.c.obj)
                0x0000000008003690                sys_clock_announce
 .text.sys_clock_tick_get
                0x0000000008003760       0x30 zephyr/kernel/libkernel.a(timeout.c.obj)
                0x0000000008003760                sys_clock_tick_get
 .text.boot_banner
                0x0000000008003790        0xc zephyr/kernel/libkernel.a(banner.c.obj)
                0x0000000008003790                boot_banner
 .text.printf   0x000000000800379c       0x24 /Users/johnextremesourcreme/zephyr-sdk-0.17.0/arm-zephyr-eabi/bin/../lib/gcc/../../picolibc/arm-zephyr-eabi/lib/thumb/v7e-m/nofp/libc.a(libc_tinystdio_printf.c.o)
                0x000000000800379c                printf
 .text.puts     0x00000000080037c0       0x40 /Users/johnextremesourcreme/zephyr-sdk-0.17.0/arm-zephyr-eabi/bin/../lib/gcc/../../picolibc/arm-zephyr-eabi/lib/thumb/v7e-m/nofp/libc.a(libc_tinystdio_puts.c.o)
                0x00000000080037c0                puts
 .text.__l_vfprintf
                0x0000000008003800      0x4b8 /Users/johnextremesourcreme/zephyr-sdk-0.17.0/arm-zephyr-eabi/bin/../lib/gcc/../../picolibc/arm-zephyr-eabi/lib/thumb/v7e-m/nofp/libc.a(libc_tinystdio_vflprintf.c.o)
                0x0000000008003800                __l_vfprintf
 .text._OffsetAbsSyms
                0x0000000008003cb8        0x2 zephyr/CMakeFiles/offsets.dir/./arch/arm/core/offsets/offsets.c.obj
                0x0000000008003cb8                _OffsetAbsSyms
 .text.chunk_size
                0x0000000008003cba        0xa zephyr/libzephyr.a(heap.c.obj)
 .text.free_list_add
                0x0000000008003cc4       0x4e zephyr/libzephyr.a(heap.c.obj)
 .text.sys_heap_init
                0x0000000008003d12       0x7a zephyr/libzephyr.a(heap.c.obj)
                0x0000000008003d12                sys_heap_init
 .text.arch_printk_char_out
                0x0000000008003d8c        0x4 zephyr/libzephyr.a(printk.c.obj)
                0x0000000008003d8c                arch_printk_char_out
 .text.printk   0x0000000008003d90       0x1a zephyr/libzephyr.a(printk.c.obj)
                0x0000000008003d90                printk
 .text._ConfigAbsSyms
                0x0000000008003daa        0x2 zephyr/libzephyr.a(configs.c.obj)
                0x0000000008003daa                _ConfigAbsSyms
 .text.z_arm_fatal_error
                0x0000000008003dac        0xc zephyr/arch/arch/arm/core/libarch__arm__core.a(fatal.c.obj)
                0x0000000008003dac                z_arm_fatal_error
 .text.z_do_kernel_oops
                0x0000000008003db8        0x8 zephyr/arch/arch/arm/core/libarch__arm__core.a(fatal.c.obj)
                0x0000000008003db8                z_do_kernel_oops
 .text.z_irq_spurious
                0x0000000008003dc0        0x8 zephyr/arch/arch/arm/core/cortex_m/libarch__arm__core__cortex_m.a(irq_manage.c.obj)
                0x0000000008003dc0                z_irq_spurious
 .text.arch_irq_unlock_outlined
                0x0000000008003dc8        0xe zephyr/arch/arch/arm/core/cortex_m/libarch__arm__core__cortex_m.a(thread.c.obj)
                0x0000000008003dc8                arch_irq_unlock_outlined
 .text.arch_cpu_idle
                0x0000000008003dd6       0x1a zephyr/arch/arch/arm/core/cortex_m/libarch__arm__core__cortex_m.a(cpu_idle.c.obj)
                0x0000000008003dd6                arch_cpu_idle
 .text.size_to_mpu_rasr_size
                0x0000000008003df0       0x20 zephyr/arch/arch/arm/core/mpu/libarch__arm__core__mpu.a(arm_mpu.c.obj)
 .text.picolibc_put
                0x0000000008003e10        0xa zephyr/lib/libc/picolibc/liblib__libc__picolibc.a(stdio.c.obj)
 .text.stm32_gpio_intc_get_pin_irq_line
                0x0000000008003e1a        0x6 zephyr/drivers/interrupt_controller/libdrivers__interrupt_controller.a(intc_exti_stm32.c.obj)
                0x0000000008003e1a                stm32_gpio_intc_get_pin_irq_line
 .text.stm32_exti_set_line_src_port
                0x0000000008003e20       0x36 zephyr/drivers/interrupt_controller/libdrivers__interrupt_controller.a(intc_exti_stm32.c.obj)
                0x0000000008003e20                stm32_exti_set_line_src_port
 .text.stm32_clock_control_on
                0x0000000008003e56       0x44 zephyr/drivers/clock_control/libdrivers__clock_control.a(clock_stm32_ll_common.c.obj)
 .text.stm32_clock_control_off
                0x0000000008003e9a       0x2c zephyr/drivers/clock_control/libdrivers__clock_control.a(clock_stm32_ll_common.c.obj)
 .text.enabled_clock
                0x0000000008003ec6       0x1c zephyr/drivers/clock_control/libdrivers__clock_control.a(clock_stm32_ll_common.c.obj)
                0x0000000008003ec6                enabled_clock
 .text.stm32_clock_control_configure
                0x0000000008003ee2       0x54 zephyr/drivers/clock_control/libdrivers__clock_control.a(clock_stm32_ll_common.c.obj)
 .text.stm32_clock_control_get_status
                0x0000000008003f36       0x38 zephyr/drivers/clock_control/libdrivers__clock_control.a(clock_stm32_ll_common.c.obj)
 .text.config_regulator_voltage
                0x0000000008003f6e        0x2 zephyr/drivers/clock_control/libdrivers__clock_control.a(clock_stm32_ll_common.c.obj)
                0x0000000008003f6e                config_regulator_voltage
 .text.dma_stm32_config_irq_0
                0x0000000008003f70       0x86 zephyr/drivers/dma/libdrivers__dma.a(dma_stm32.c.obj)
 .text.dma_stm32_disable_stream
                0x0000000008003ff6       0x28 zephyr/drivers/dma/libdrivers__dma.a(dma_stm32.c.obj)
 .text.dma_stm32_clear_stream_irq.isra.0
                0x000000000800401e       0x20 zephyr/drivers/dma/libdrivers__dma.a(dma_stm32.c.obj)
 .text.dma_stm32_start
                0x000000000800403e       0x3e zephyr/drivers/dma/libdrivers__dma.a(dma_stm32.c.obj)
 .text.dma_stm32_irq_handler
                0x000000000800407c       0x96 zephyr/drivers/dma/libdrivers__dma.a(dma_stm32.c.obj)
 .text.dma_stm32_irq_0_0
                0x0000000008004112        0x6 zephyr/drivers/dma/libdrivers__dma.a(dma_stm32.c.obj)
 .text.dma_stm32_irq_0_1
                0x0000000008004118        0x6 zephyr/drivers/dma/libdrivers__dma.a(dma_stm32.c.obj)
 .text.dma_stm32_irq_0_2
                0x000000000800411e        0x6 zephyr/drivers/dma/libdrivers__dma.a(dma_stm32.c.obj)
 .text.dma_stm32_irq_0_3
                0x0000000008004124        0x6 zephyr/drivers/dma/libdrivers__dma.a(dma_stm32.c.obj)
 .text.dma_stm32_irq_0_4
                0x000000000800412a        0x6 zephyr/drivers/dma/libdrivers__dma.a(dma_stm32.c.obj)
 .text.dma_stm32_irq_0_5
                0x0000000008004130        0x6 zephyr/drivers/dma/libdrivers__dma.a(dma_stm32.c.obj)
 .text.dma_stm32_irq_0_6
                0x0000000008004136        0x6 zephyr/drivers/dma/libdrivers__dma.a(dma_stm32.c.obj)
 .text.dma_stm32_irq_0_7
                0x000000000800413c        0x6 zephyr/drivers/dma/libdrivers__dma.a(dma_stm32.c.obj)
 .text.LL_DMA_IsActiveFlag_HT0
                0x0000000008004142        0x8 zephyr/drivers/dma/libdrivers__dma.a(dma_stm32_v1.c.obj)
 .text.LL_DMA_IsActiveFlag_HT1
                0x000000000800414a        0x8 zephyr/drivers/dma/libdrivers__dma.a(dma_stm32_v1.c.obj)
 .text.LL_DMA_IsActiveFlag_HT2
                0x0000000008004152        0x8 zephyr/drivers/dma/libdrivers__dma.a(dma_stm32_v1.c.obj)
 .text.LL_DMA_IsActiveFlag_HT3
                0x000000000800415a        0x8 zephyr/drivers/dma/libdrivers__dma.a(dma_stm32_v1.c.obj)
 .text.LL_DMA_IsActiveFlag_HT4
                0x0000000008004162        0x8 zephyr/drivers/dma/libdrivers__dma.a(dma_stm32_v1.c.obj)
 .text.LL_DMA_IsActiveFlag_HT5
                0x000000000800416a        0x8 zephyr/drivers/dma/libdrivers__dma.a(dma_stm32_v1.c.obj)
 .text.LL_DMA_IsActiveFlag_HT6
                0x0000000008004172        0x8 zephyr/drivers/dma/libdrivers__dma.a(dma_stm32_v1.c.obj)
 .text.LL_DMA_IsActiveFlag_HT7
                0x000000000800417a        0x8 zephyr/drivers/dma/libdrivers__dma.a(dma_stm32_v1.c.obj)
 .text.LL_DMA_IsActiveFlag_TC0
                0x0000000008004182        0x8 zephyr/drivers/dma/libdrivers__dma.a(dma_stm32_v1.c.obj)
 .text.LL_DMA_IsActiveFlag_TC1
                0x000000000800418a        0x8 zephyr/drivers/dma/libdrivers__dma.a(dma_stm32_v1.c.obj)
 .text.LL_DMA_IsActiveFlag_TC2
                0x0000000008004192        0x8 zephyr/drivers/dma/libdrivers__dma.a(dma_stm32_v1.c.obj)
 .text.LL_DMA_IsActiveFlag_TC3
                0x000000000800419a        0x8 zephyr/drivers/dma/libdrivers__dma.a(dma_stm32_v1.c.obj)
 .text.LL_DMA_IsActiveFlag_TC4
                0x00000000080041a2        0x8 zephyr/drivers/dma/libdrivers__dma.a(dma_stm32_v1.c.obj)
 .text.LL_DMA_IsActiveFlag_TC5
                0x00000000080041aa        0x8 zephyr/drivers/dma/libdrivers__dma.a(dma_stm32_v1.c.obj)
 .text.LL_DMA_IsActiveFlag_TC6
                0x00000000080041b2        0x8 zephyr/drivers/dma/libdrivers__dma.a(dma_stm32_v1.c.obj)
 .text.LL_DMA_IsActiveFlag_TC7
                0x00000000080041ba        0x8 zephyr/drivers/dma/libdrivers__dma.a(dma_stm32_v1.c.obj)
 .text.LL_DMA_IsActiveFlag_FE0
                0x00000000080041c2        0x8 zephyr/drivers/dma/libdrivers__dma.a(dma_stm32_v1.c.obj)
 .text.LL_DMA_IsActiveFlag_FE1
                0x00000000080041ca        0x8 zephyr/drivers/dma/libdrivers__dma.a(dma_stm32_v1.c.obj)
 .text.LL_DMA_IsActiveFlag_FE2
                0x00000000080041d2        0x8 zephyr/drivers/dma/libdrivers__dma.a(dma_stm32_v1.c.obj)
 .text.LL_DMA_IsActiveFlag_FE3
                0x00000000080041da        0x8 zephyr/drivers/dma/libdrivers__dma.a(dma_stm32_v1.c.obj)
 .text.LL_DMA_IsActiveFlag_FE4
                0x00000000080041e2        0x8 zephyr/drivers/dma/libdrivers__dma.a(dma_stm32_v1.c.obj)
 .text.LL_DMA_IsActiveFlag_FE5
                0x00000000080041ea        0x8 zephyr/drivers/dma/libdrivers__dma.a(dma_stm32_v1.c.obj)
 .text.LL_DMA_IsActiveFlag_FE6
                0x00000000080041f2        0x8 zephyr/drivers/dma/libdrivers__dma.a(dma_stm32_v1.c.obj)
 .text.LL_DMA_IsActiveFlag_FE7
                0x00000000080041fa        0x8 zephyr/drivers/dma/libdrivers__dma.a(dma_stm32_v1.c.obj)
 .text.LL_DMA_ClearFlag_HT0
                0x0000000008004202        0x6 zephyr/drivers/dma/libdrivers__dma.a(dma_stm32_v1.c.obj)
 .text.LL_DMA_ClearFlag_HT1
                0x0000000008004208        0x8 zephyr/drivers/dma/libdrivers__dma.a(dma_stm32_v1.c.obj)
 .text.LL_DMA_ClearFlag_HT2
                0x0000000008004210        0x8 zephyr/drivers/dma/libdrivers__dma.a(dma_stm32_v1.c.obj)
 .text.LL_DMA_ClearFlag_HT3
                0x0000000008004218        0x8 zephyr/drivers/dma/libdrivers__dma.a(dma_stm32_v1.c.obj)
 .text.LL_DMA_ClearFlag_HT4
                0x0000000008004220        0x6 zephyr/drivers/dma/libdrivers__dma.a(dma_stm32_v1.c.obj)
 .text.LL_DMA_ClearFlag_HT5
                0x0000000008004226        0x8 zephyr/drivers/dma/libdrivers__dma.a(dma_stm32_v1.c.obj)
 .text.LL_DMA_ClearFlag_HT6
                0x000000000800422e        0x8 zephyr/drivers/dma/libdrivers__dma.a(dma_stm32_v1.c.obj)
 .text.LL_DMA_ClearFlag_HT7
                0x0000000008004236        0x8 zephyr/drivers/dma/libdrivers__dma.a(dma_stm32_v1.c.obj)
 .text.LL_DMA_ClearFlag_TC0
                0x000000000800423e        0x6 zephyr/drivers/dma/libdrivers__dma.a(dma_stm32_v1.c.obj)
 .text.LL_DMA_ClearFlag_TC1
                0x0000000008004244        0x8 zephyr/drivers/dma/libdrivers__dma.a(dma_stm32_v1.c.obj)
 .text.LL_DMA_ClearFlag_TC2
                0x000000000800424c        0x8 zephyr/drivers/dma/libdrivers__dma.a(dma_stm32_v1.c.obj)
 .text.LL_DMA_ClearFlag_TC3
                0x0000000008004254        0x8 zephyr/drivers/dma/libdrivers__dma.a(dma_stm32_v1.c.obj)
 .text.LL_DMA_ClearFlag_TC4
                0x000000000800425c        0x6 zephyr/drivers/dma/libdrivers__dma.a(dma_stm32_v1.c.obj)
 .text.LL_DMA_ClearFlag_TC5
                0x0000000008004262        0x8 zephyr/drivers/dma/libdrivers__dma.a(dma_stm32_v1.c.obj)
 .text.LL_DMA_ClearFlag_TC6
                0x000000000800426a        0x8 zephyr/drivers/dma/libdrivers__dma.a(dma_stm32_v1.c.obj)
 .text.LL_DMA_ClearFlag_TC7
                0x0000000008004272        0x8 zephyr/drivers/dma/libdrivers__dma.a(dma_stm32_v1.c.obj)
 .text.LL_DMA_ClearFlag_TE0
                0x000000000800427a        0x6 zephyr/drivers/dma/libdrivers__dma.a(dma_stm32_v1.c.obj)
 .text.LL_DMA_ClearFlag_TE1
                0x0000000008004280        0x8 zephyr/drivers/dma/libdrivers__dma.a(dma_stm32_v1.c.obj)
 .text.LL_DMA_ClearFlag_TE2
                0x0000000008004288        0x8 zephyr/drivers/dma/libdrivers__dma.a(dma_stm32_v1.c.obj)
 .text.LL_DMA_ClearFlag_TE3
                0x0000000008004290        0x8 zephyr/drivers/dma/libdrivers__dma.a(dma_stm32_v1.c.obj)
 .text.LL_DMA_ClearFlag_TE4
                0x0000000008004298        0x6 zephyr/drivers/dma/libdrivers__dma.a(dma_stm32_v1.c.obj)
 .text.LL_DMA_ClearFlag_TE5
                0x000000000800429e        0x8 zephyr/drivers/dma/libdrivers__dma.a(dma_stm32_v1.c.obj)
 .text.LL_DMA_ClearFlag_TE6
                0x00000000080042a6        0x8 zephyr/drivers/dma/libdrivers__dma.a(dma_stm32_v1.c.obj)
 .text.LL_DMA_ClearFlag_TE7
                0x00000000080042ae        0x8 zephyr/drivers/dma/libdrivers__dma.a(dma_stm32_v1.c.obj)
 .text.LL_DMA_ClearFlag_DME0
                0x00000000080042b6        0x6 zephyr/drivers/dma/libdrivers__dma.a(dma_stm32_v1.c.obj)
 .text.LL_DMA_ClearFlag_DME1
                0x00000000080042bc        0x8 zephyr/drivers/dma/libdrivers__dma.a(dma_stm32_v1.c.obj)
 .text.LL_DMA_ClearFlag_DME2
                0x00000000080042c4        0x8 zephyr/drivers/dma/libdrivers__dma.a(dma_stm32_v1.c.obj)
 .text.LL_DMA_ClearFlag_DME3
                0x00000000080042cc        0x8 zephyr/drivers/dma/libdrivers__dma.a(dma_stm32_v1.c.obj)
 .text.LL_DMA_ClearFlag_DME4
                0x00000000080042d4        0x6 zephyr/drivers/dma/libdrivers__dma.a(dma_stm32_v1.c.obj)
 .text.LL_DMA_ClearFlag_DME5
                0x00000000080042da        0x8 zephyr/drivers/dma/libdrivers__dma.a(dma_stm32_v1.c.obj)
 .text.LL_DMA_ClearFlag_DME6
                0x00000000080042e2        0x8 zephyr/drivers/dma/libdrivers__dma.a(dma_stm32_v1.c.obj)
 .text.LL_DMA_ClearFlag_DME7
                0x00000000080042ea        0x8 zephyr/drivers/dma/libdrivers__dma.a(dma_stm32_v1.c.obj)
 .text.LL_DMA_ClearFlag_FE0
                0x00000000080042f2        0x6 zephyr/drivers/dma/libdrivers__dma.a(dma_stm32_v1.c.obj)
 .text.LL_DMA_ClearFlag_FE1
                0x00000000080042f8        0x6 zephyr/drivers/dma/libdrivers__dma.a(dma_stm32_v1.c.obj)
 .text.LL_DMA_ClearFlag_FE2
                0x00000000080042fe        0x8 zephyr/drivers/dma/libdrivers__dma.a(dma_stm32_v1.c.obj)
 .text.LL_DMA_ClearFlag_FE3
                0x0000000008004306        0x8 zephyr/drivers/dma/libdrivers__dma.a(dma_stm32_v1.c.obj)
 .text.LL_DMA_ClearFlag_FE4
                0x000000000800430e        0x6 zephyr/drivers/dma/libdrivers__dma.a(dma_stm32_v1.c.obj)
 .text.LL_DMA_ClearFlag_FE5
                0x0000000008004314        0x6 zephyr/drivers/dma/libdrivers__dma.a(dma_stm32_v1.c.obj)
 .text.LL_DMA_ClearFlag_FE6
                0x000000000800431a        0x8 zephyr/drivers/dma/libdrivers__dma.a(dma_stm32_v1.c.obj)
 .text.LL_DMA_ClearFlag_FE7
                0x0000000008004322        0x8 zephyr/drivers/dma/libdrivers__dma.a(dma_stm32_v1.c.obj)
 .text.stm32_dma_dump_stream_irq
                0x000000000800432a        0x2 zephyr/drivers/dma/libdrivers__dma.a(dma_stm32_v1.c.obj)
                0x000000000800432a                stm32_dma_dump_stream_irq
 .text.stm32_dma_clear_stream_irq
                0x000000000800432c       0x1e zephyr/drivers/dma/libdrivers__dma.a(dma_stm32_v1.c.obj)
                0x000000000800432c                stm32_dma_clear_stream_irq
 .text.stm32_dma_check_fifo_mburst
                0x000000000800434a       0x4e zephyr/drivers/dma/libdrivers__dma.a(dma_stm32_v1.c.obj)
                0x000000000800434a                stm32_dma_check_fifo_mburst
 .text.stm32_dma_get_fifo_threshold
                0x0000000008004398        0xa zephyr/drivers/dma/libdrivers__dma.a(dma_stm32_v1.c.obj)
                0x0000000008004398                stm32_dma_get_fifo_threshold
 .text.gpio_stm32_port_get_raw
                0x00000000080043a2        0xc zephyr/drivers/gpio/libdrivers__gpio.a(gpio_stm32.c.obj)
 .text.gpio_stm32_port_set_masked_raw
                0x00000000080043ae       0x12 zephyr/drivers/gpio/libdrivers__gpio.a(gpio_stm32.c.obj)
 .text.gpio_stm32_port_set_bits_raw
                0x00000000080043c0        0xa zephyr/drivers/gpio/libdrivers__gpio.a(gpio_stm32.c.obj)
 .text.gpio_stm32_port_clear_bits_raw
                0x00000000080043ca        0xc zephyr/drivers/gpio/libdrivers__gpio.a(gpio_stm32.c.obj)
 .text.gpio_stm32_port_toggle_bits
                0x00000000080043d6        0xe zephyr/drivers/gpio/libdrivers__gpio.a(gpio_stm32.c.obj)
 .text.gpio_stm32_manage_callback
                0x00000000080043e4       0x52 zephyr/drivers/gpio/libdrivers__gpio.a(gpio_stm32.c.obj)
 .text.gpio_stm32_configure_raw.isra.0
                0x0000000008004436      0x106 zephyr/drivers/gpio/libdrivers__gpio.a(gpio_stm32.c.obj)
 .text.gpio_stm32_config
                0x000000000800453c      0x124 zephyr/drivers/gpio/libdrivers__gpio.a(gpio_stm32.c.obj)
 .text.gpio_stm32_isr
                0x0000000008004660       0x2c zephyr/drivers/gpio/libdrivers__gpio.a(gpio_stm32.c.obj)
 .text.gpio_stm32_configure
                0x000000000800468c       0x30 zephyr/drivers/gpio/libdrivers__gpio.a(gpio_stm32.c.obj)
                0x000000000800468c                gpio_stm32_configure
 .text.ll_func_i2s_dma_busy
                0x00000000080046bc       0x16 zephyr/drivers/i2s/libdrivers__i2s.a(i2s_ll_stm32.c.obj)
 .text.queue_is_empty
                0x00000000080046d2       0x24 zephyr/drivers/i2s/libdrivers__i2s.a(i2s_ll_stm32.c.obj)
 .text.queue_get
                0x00000000080046f6       0x5a zephyr/drivers/i2s/libdrivers__i2s.a(i2s_ll_stm32.c.obj)
 .text.queue_put
                0x0000000008004750       0x50 zephyr/drivers/i2s/libdrivers__i2s.a(i2s_ll_stm32.c.obj)
 .text.i2s_stm32_trigger
                0x00000000080047a0      0x122 zephyr/drivers/i2s/libdrivers__i2s.a(i2s_ll_stm32.c.obj)
 .text.i2s_stm32_read
                0x00000000080048c2       0x4c zephyr/drivers/i2s/libdrivers__i2s.a(i2s_ll_stm32.c.obj)
 .text.start_dma
                0x000000000800490e       0x86 zephyr/drivers/i2s/libdrivers__i2s.a(i2s_ll_stm32.c.obj)
 .text.tx_queue_drop
                0x0000000008004994       0x34 zephyr/drivers/i2s/libdrivers__i2s.a(i2s_ll_stm32.c.obj)
 .text.rx_queue_drop
                0x00000000080049c8       0x2a zephyr/drivers/i2s/libdrivers__i2s.a(i2s_ll_stm32.c.obj)
 .text.i2s_stm32_irq_config_func_0
                0x00000000080049f2       0x16 zephyr/drivers/i2s/libdrivers__i2s.a(i2s_ll_stm32.c.obj)
 .text.i2s_stm32_write
                0x0000000008004a08       0x48 zephyr/drivers/i2s/libdrivers__i2s.a(i2s_ll_stm32.c.obj)
 .text.reload_dma.constprop.0
                0x0000000008004a50       0x2e zephyr/drivers/i2s/libdrivers__i2s.a(i2s_ll_stm32.c.obj)
 .text.pinctrl_lookup_state
                0x0000000008004a7e       0x26 zephyr/drivers/pinctrl/libdrivers__pinctrl.a(common.c.obj)
                0x0000000008004a7e                pinctrl_lookup_state
 .text.reset_stm32_status
                0x0000000008004aa4       0x20 zephyr/drivers/reset/libdrivers__reset.a(reset_stm32.c.obj)
 .text.reset_stm32_line_assert
                0x0000000008004ac4       0x1c zephyr/drivers/reset/libdrivers__reset.a(reset_stm32.c.obj)
 .text.reset_stm32_line_deassert
                0x0000000008004ae0       0x1e zephyr/drivers/reset/libdrivers__reset.a(reset_stm32.c.obj)
 .text.reset_stm32_line_toggle
                0x0000000008004afe       0x16 zephyr/drivers/reset/libdrivers__reset.a(reset_stm32.c.obj)
 .text.LL_USART_ClearFlag_PE
                0x0000000008004b14       0x12 zephyr/drivers/serial/libdrivers__serial.a(uart_stm32.c.obj)
 .text.uart_stm32_err_check
                0x0000000008004b26       0x5e zephyr/drivers/serial/libdrivers__serial.a(uart_stm32.c.obj)
 .text.uart_stm32_set_baudrate
                0x0000000008004b84       0x52 zephyr/drivers/serial/libdrivers__serial.a(uart_stm32.c.obj)
 .text.uart_stm32_poll_out
                0x0000000008004bd6       0x36 zephyr/drivers/serial/libdrivers__serial.a(uart_stm32.c.obj)
 .text.uart_stm32_poll_in
                0x0000000008004c0c       0x22 zephyr/drivers/serial/libdrivers__serial.a(uart_stm32.c.obj)
 .text.uart_stm32_config_get
                0x0000000008004c2e       0x8e zephyr/drivers/serial/libdrivers__serial.a(uart_stm32.c.obj)
 .text.LL_DMA_StructInit
                0x0000000008004cbc       0x22 modules/hal_stm32/stm32cube/lib..__modules__hal__stm32__stm32cube.a(stm32f4xx_ll_dma.c.obj)
                0x0000000008004cbc                LL_DMA_StructInit
 .text.z_impl_k_busy_wait
                0x0000000008004cde       0x1c zephyr/kernel/libkernel.a(busy_wait.c.obj)
                0x0000000008004cde                z_impl_k_busy_wait
 .text.z_device_state_init
                0x0000000008004cfa        0x2 zephyr/kernel/libkernel.a(device.c.obj)
                0x0000000008004cfa                z_device_state_init
 .text.z_impl_device_is_ready
                0x0000000008004cfc       0x16 zephyr/kernel/libkernel.a(device.c.obj)
                0x0000000008004cfc                z_impl_device_is_ready
 .text.arch_system_halt
                0x0000000008004d12       0x10 zephyr/kernel/libkernel.a(fatal.c.obj)
                0x0000000008004d12                arch_system_halt
 .text.k_sys_fatal_error_handler
                0x0000000008004d22        0x6 zephyr/kernel/libkernel.a(fatal.c.obj)
                0x0000000008004d22                k_sys_fatal_error_handler
 .text.do_device_init
                0x0000000008004d28       0x30 zephyr/kernel/libkernel.a(init.c.obj)
 .text.z_early_memset
                0x0000000008004d58        0x4 zephyr/kernel/libkernel.a(init.c.obj)
                0x0000000008004d58                z_early_memset
 .text.z_early_memcpy
                0x0000000008004d5c        0x4 zephyr/kernel/libkernel.a(init.c.obj)
                0x0000000008004d5c                z_early_memcpy
 .text.z_init_static
                0x0000000008004d60        0x2 zephyr/kernel/libkernel.a(init_static.c.obj)
                0x0000000008004d60                z_init_static
 .text.create_free_list
                0x0000000008004d62       0x34 zephyr/kernel/libkernel.a(mem_slab.c.obj)
 .text.k_mem_slab_free
                0x0000000008004d96       0x6e zephyr/kernel/libkernel.a(mem_slab.c.obj)
                0x0000000008004d96                k_mem_slab_free
 .text.idle     0x0000000008004e04       0x16 zephyr/kernel/libkernel.a(idle.c.obj)
                0x0000000008004e04                idle
 .text.z_impl_k_sem_init
                0x0000000008004e1a       0x18 zephyr/kernel/libkernel.a(sem.c.obj)
                0x0000000008004e1a                z_impl_k_sem_init
 .text.sys_dlist_remove
                0x0000000008004e32       0x10 zephyr/kernel/libkernel.a(sched.c.obj)
 .text.unpend_thread_no_timeout
                0x0000000008004e42       0x14 zephyr/kernel/libkernel.a(sched.c.obj)
 .text.add_to_waitq_locked
                0x0000000008004e56       0x50 zephyr/kernel/libkernel.a(sched.c.obj)
 .text.z_ready_thread
                0x0000000008004ea6       0x1e zephyr/kernel/libkernel.a(sched.c.obj)
                0x0000000008004ea6                z_ready_thread
 .text.z_sched_wake_thread
                0x0000000008004ec4       0x3a zephyr/kernel/libkernel.a(sched.c.obj)
                0x0000000008004ec4                z_sched_wake_thread
 .text.z_thread_timeout
                0x0000000008004efe        0x8 zephyr/kernel/libkernel.a(sched.c.obj)
                0x0000000008004efe                z_thread_timeout
 .text.z_thread_abort
                0x0000000008004f06       0x44 zephyr/kernel/libkernel.a(sched.c.obj)
                0x0000000008004f06                z_thread_abort
 .text.z_abort_timeout
                0x0000000008004f4a       0x2a zephyr/kernel/libkernel.a(timeout.c.obj)
                0x0000000008004f4a                z_abort_timeout
 .text.sys_clock_tick_get_32
                0x0000000008004f74        0x8 zephyr/kernel/libkernel.a(timeout.c.obj)
                0x0000000008004f74                sys_clock_tick_get_32
 .text.memcpy   0x0000000008004f7c       0x1c /Users/johnextremesourcreme/zephyr-sdk-0.17.0/arm-zephyr-eabi/bin/../lib/gcc/../../picolibc/arm-zephyr-eabi/lib/thumb/v7e-m/nofp/libc.a(memcpy.c.o)
                0x0000000008004f7c                memcpy
                0x0000000008004f7c                __aeabi_memcpy
                0x0000000008004f7c                __aeabi_memcpy4
                0x0000000008004f7c                __aeabi_memcpy8
 .text.memset   0x0000000008004f98       0x10 /Users/johnextremesourcreme/zephyr-sdk-0.17.0/arm-zephyr-eabi/bin/../lib/gcc/../../picolibc/arm-zephyr-eabi/lib/thumb/v7e-m/nofp/libc.a(memset.c.o)
                0x0000000008004f98                memset
 .text.strnlen  0x0000000008004fa8       0x18 /Users/johnextremesourcreme/zephyr-sdk-0.17.0/arm-zephyr-eabi/bin/../lib/gcc/../../picolibc/arm-zephyr-eabi/lib/thumb/v7e-m/nofp/libc.a(libc_string_strnlen.c.o)
                0x0000000008004fa8                strnlen
 .text.__ultoa_invert
                0x0000000008004fc0       0xae /Users/johnextremesourcreme/zephyr-sdk-0.17.0/arm-zephyr-eabi/bin/../lib/gcc/../../picolibc/arm-zephyr-eabi/lib/thumb/v7e-m/nofp/libc.a(libc_tinystdio_vflprintf.c.o)
 *(SORT_BY_ALIGNMENT(.TEXT.*))
 *fill*         0x000000000800506e        0x2 
 .TEXT.__aeabi_read_tp
                0x0000000008005070        0xc zephyr/arch/arch/arm/core/cortex_m/libarch__arm__core__cortex_m.a(__aeabi_read_tp.S.obj)
                0x0000000008005070                __aeabi_read_tp
 *(SORT_BY_ALIGNMENT(.gnu.linkonce.t.*))
 *(SORT_BY_ALIGNMENT(.glue_7t))
 .glue_7t       0x000000000800507c        0x0 linker stubs
 *(SORT_BY_ALIGNMENT(.glue_7))
 .glue_7        0x000000000800507c        0x0 linker stubs
 *(SORT_BY_ALIGNMENT(.vfp11_veneer))
 .vfp11_veneer  0x000000000800507c        0x0 linker stubs
 *(SORT_BY_ALIGNMENT(.v4_bx))
 .v4_bx         0x000000000800507c        0x0 linker stubs
                0x000000000800507c                . = ALIGN (0x4)
                0x000000000800507c                __text_region_end = .

.ARM.exidx      0x000000000800507c        0x8
                0x000000000800507c                __exidx_start = .
 *(SORT_BY_ALIGNMENT(.ARM.exidx*) SORT_BY_ALIGNMENT(gnu.linkonce.armexidx.*))
 .ARM.exidx     0x000000000800507c        0x8 /Users/johnextremesourcreme/zephyr-sdk-0.17.0/arm-zephyr-eabi/bin/../lib/gcc/arm-zephyr-eabi/12.2.0/thumb/v7e-m/nofp/libgcc.a(_udivmoddi4.o)
                0x0000000008005084                __exidx_end = .
                0x0000000008005084                __rodata_region_start = .

initlevel       0x0000000008005084       0xa0
                0x0000000008005084                __init_start = .
                0x0000000008005084                __init_EARLY_start = .
 *(SORT_BY_NAME(SORT_BY_ALIGNMENT(.z_init_EARLY?_*)))
 *(SORT_BY_NAME(SORT_BY_ALIGNMENT(.z_init_EARLY??_*)))
                0x0000000008005084                __init_PRE_KERNEL_1_start = .
 *(SORT_BY_NAME(SORT_BY_ALIGNMENT(.z_init_PRE_KERNEL_1?_*)))
 .z_init_PRE_KERNEL_11_00009_
                0x0000000008005084        0x8 zephyr/drivers/clock_control/libdrivers__clock_control.a(clock_stm32_ll_common.c.obj)
 .z_init_PRE_KERNEL_11_0_
                0x000000000800508c        0x8 zephyr/libzephyr.a(soc_config.c.obj)
 *(SORT_BY_NAME(SORT_BY_ALIGNMENT(.z_init_PRE_KERNEL_1??_*)))
 .z_init_PRE_KERNEL_130_0_
                0x0000000008005094        0x8 zephyr/kernel/libkernel.a(mem_slab.c.obj)
 .z_init_PRE_KERNEL_135_00057_
                0x000000000800509c        0x8 zephyr/drivers/reset/libdrivers__reset.a(reset_stm32.c.obj)
 .z_init_PRE_KERNEL_140_00037_
                0x00000000080050a4        0x8 zephyr/drivers/gpio/libdrivers__gpio.a(gpio_stm32.c.obj)
 .z_init_PRE_KERNEL_140_00040_
                0x00000000080050ac        0x8 zephyr/drivers/gpio/libdrivers__gpio.a(gpio_stm32.c.obj)
 .z_init_PRE_KERNEL_140_00049_
                0x00000000080050b4        0x8 zephyr/drivers/dma/libdrivers__dma.a(dma_stm32.c.obj)
 .z_init_PRE_KERNEL_140_00056_
                0x00000000080050bc        0x8 zephyr/drivers/interrupt_controller/libdrivers__interrupt_controller.a(intc_exti_stm32.c.obj)
 .z_init_PRE_KERNEL_140_00082_
                0x00000000080050c4        0x8 zephyr/drivers/gpio/libdrivers__gpio.a(gpio_stm32.c.obj)
 .z_init_PRE_KERNEL_140_00083_
                0x00000000080050cc        0x8 zephyr/drivers/gpio/libdrivers__gpio.a(gpio_stm32.c.obj)
 .z_init_PRE_KERNEL_140_00084_
                0x00000000080050d4        0x8 zephyr/drivers/gpio/libdrivers__gpio.a(gpio_stm32.c.obj)
 .z_init_PRE_KERNEL_140_00085_
                0x00000000080050dc        0x8 zephyr/drivers/gpio/libdrivers__gpio.a(gpio_stm32.c.obj)
 .z_init_PRE_KERNEL_140_00086_
                0x00000000080050e4        0x8 zephyr/drivers/gpio/libdrivers__gpio.a(gpio_stm32.c.obj)
 .z_init_PRE_KERNEL_140_00087_
                0x00000000080050ec        0x8 zephyr/drivers/gpio/libdrivers__gpio.a(gpio_stm32.c.obj)
 .z_init_PRE_KERNEL_150_00061_
                0x00000000080050f4        0x8 zephyr/drivers/serial/libdrivers__serial.a(uart_stm32.c.obj)
 .z_init_PRE_KERNEL_150_00064_
                0x00000000080050fc        0x8 zephyr/drivers/serial/libdrivers__serial.a(uart_stm32.c.obj)
 .z_init_PRE_KERNEL_160_0_
                0x0000000008005104        0x8 zephyr/drivers/console/libdrivers__console.a(uart_console.c.obj)
                0x000000000800510c                __init_PRE_KERNEL_2_start = .
 *(SORT_BY_NAME(SORT_BY_ALIGNMENT(.z_init_PRE_KERNEL_2?_*)))
 .z_init_PRE_KERNEL_20_0_
                0x000000000800510c        0x8 zephyr/drivers/timer/libdrivers__timer.a(cortex_m_systick.c.obj)
 *(SORT_BY_NAME(SORT_BY_ALIGNMENT(.z_init_PRE_KERNEL_2??_*)))
                0x0000000008005114                __init_POST_KERNEL_start = .
 *(SORT_BY_NAME(SORT_BY_ALIGNMENT(.z_init_POST_KERNEL?_*)))
 *(SORT_BY_NAME(SORT_BY_ALIGNMENT(.z_init_POST_KERNEL??_*)))
 .z_init_POST_KERNEL35_0_
                0x0000000008005114        0x8 zephyr/lib/libc/common/liblib__libc__common.a(malloc.c.obj)
 .z_init_POST_KERNEL50_00053_
                0x000000000800511c        0x8 zephyr/drivers/i2s/libdrivers__i2s.a(i2s_ll_stm32.c.obj)
                0x0000000008005124                __init_APPLICATION_start = .
 *(SORT_BY_NAME(SORT_BY_ALIGNMENT(.z_init_APPLICATION?_*)))
 *(SORT_BY_NAME(SORT_BY_ALIGNMENT(.z_init_APPLICATION??_*)))
                0x0000000008005124                __init_SMP_start = .
 *(SORT_BY_NAME(SORT_BY_ALIGNMENT(.z_init_SMP?_*)))
 *(SORT_BY_NAME(SORT_BY_ALIGNMENT(.z_init_SMP??_*)))
                0x0000000008005124                __init_end = .
                0x0000000008005124                __deferred_init_list_start = .
 *(SORT_BY_ALIGNMENT(.z_deferred_init*))
                0x0000000008005124                __deferred_init_list_end = .

device_area     0x0000000008005124      0x12c
                0x0000000008005124                _device_list_start = .
 *(SORT_BY_NAME(SORT_BY_ALIGNMENT(._device.static.*_?_*)))
 ._device.static.1_1_
                0x0000000008005124       0x14 zephyr/drivers/clock_control/libdrivers__clock_control.a(clock_stm32_ll_common.c.obj)
                0x0000000008005124                __device_dts_ord_9
 *(SORT_BY_NAME(SORT_BY_ALIGNMENT(._device.static.*_??_*)))
 ._device.static.1_35_
                0x0000000008005138       0x14 zephyr/drivers/reset/libdrivers__reset.a(reset_stm32.c.obj)
                0x0000000008005138                __device_dts_ord_57
 ._device.static.1_40_
                0x000000000800514c       0x14 zephyr/drivers/interrupt_controller/libdrivers__interrupt_controller.a(intc_exti_stm32.c.obj)
                0x000000000800514c                __device_dts_ord_56
 ._device.static.1_40_
                0x0000000008005160       0x14 zephyr/drivers/dma/libdrivers__dma.a(dma_stm32.c.obj)
                0x0000000008005160                __device_dts_ord_49
 ._device.static.1_40_
                0x0000000008005174       0xa0 zephyr/drivers/gpio/libdrivers__gpio.a(gpio_stm32.c.obj)
                0x0000000008005174                __device_dts_ord_87
                0x0000000008005188                __device_dts_ord_86
                0x000000000800519c                __device_dts_ord_85
                0x00000000080051b0                __device_dts_ord_84
                0x00000000080051c4                __device_dts_ord_83
                0x00000000080051d8                __device_dts_ord_37
                0x00000000080051ec                __device_dts_ord_82
                0x0000000008005200                __device_dts_ord_40
 ._device.static.1_50_
                0x0000000008005214       0x28 zephyr/drivers/serial/libdrivers__serial.a(uart_stm32.c.obj)
                0x0000000008005214                __device_dts_ord_61
                0x0000000008005228                __device_dts_ord_64
 ._device.static.3_50_
                0x000000000800523c       0x14 zephyr/drivers/i2s/libdrivers__i2s.a(i2s_ll_stm32.c.obj)
                0x000000000800523c                __device_dts_ord_53
                0x0000000008005250                _device_list_end = .

sw_isr_table    0x0000000008005250      0x2b0
                0x0000000008005250                . = ALIGN (0x4)
 *(SORT_BY_ALIGNMENT(.gnu.linkonce.sw_isr_table*))
 .gnu.linkonce.sw_isr_table
                0x0000000008005250      0x2b0 zephyr/arch/common/libisr_tables.a(isr_tables.c.obj)
                0x0000000008005250                _sw_isr_table

initlevel_error
                0x0000000008005084        0x0
 *(SORT_BY_NAME(SORT_BY_ALIGNMENT(.z_init_[_A-Z0-9]*)))
                0x0000000000000001                ASSERT ((SIZEOF (initlevel_error) == 0x0), Undefined initialization levels used.)

app_shmem_regions
                0x0000000008005500        0x0
                0x0000000008005500                __app_shmem_regions_start = .
 *(SORT_BY_NAME(SORT_BY_ALIGNMENT(.app_regions.*)))
                0x0000000008005500                __app_shmem_regions_end = .

k_p4wq_initparam_area
                0x0000000008005500        0x0
                0x0000000008005500                _k_p4wq_initparam_list_start = .
 *(SORT_BY_NAME(SORT_BY_ALIGNMENT(._k_p4wq_initparam.static.*)))
                0x0000000008005500                _k_p4wq_initparam_list_end = .

_static_thread_data_area
                0x0000000008005500        0x0
                0x0000000008005500                __static_thread_data_list_start = .
 *(SORT_BY_NAME(SORT_BY_ALIGNMENT(.__static_thread_data.static.*)))
                0x0000000008005500                __static_thread_data_list_end = .

device_deps     0x0000000008005500        0x0
                0x0000000008005500                __device_deps_start = .
 *(SORT_BY_NAME(SORT_BY_ALIGNMENT(.__device_deps_pass2*)))
                0x0000000008005500                __device_deps_end = .

dma_driver_api_area
                0x0000000008005500        0x0
                0x0000000008005500                _dma_driver_api_list_start = .
 *(SORT_BY_NAME(SORT_BY_ALIGNMENT(._dma_driver_api.static.*)))
                0x0000000008005500                _dma_driver_api_list_end = .

gpio_driver_api_area
                0x0000000008005500       0x24
                0x0000000008005500                _gpio_driver_api_list_start = .
 *(SORT_BY_NAME(SORT_BY_ALIGNMENT(._gpio_driver_api.static.*)))
 ._gpio_driver_api.static.gpio_stm32_driver_
                0x0000000008005500       0x24 zephyr/drivers/gpio/libdrivers__gpio.a(gpio_stm32.c.obj)
                0x0000000008005524                _gpio_driver_api_list_end = .

i2s_driver_api_area
                0x0000000008005524       0x14
                0x0000000008005524                _i2s_driver_api_list_start = .
 *(SORT_BY_NAME(SORT_BY_ALIGNMENT(._i2s_driver_api.static.*)))
 ._i2s_driver_api.static.i2s_stm32_driver_api_
                0x0000000008005524       0x14 zephyr/drivers/i2s/libdrivers__i2s.a(i2s_ll_stm32.c.obj)
                0x0000000008005538                _i2s_driver_api_list_end = .

reset_driver_api_area
                0x0000000008005538       0x10
                0x0000000008005538                _reset_driver_api_list_start = .
 *(SORT_BY_NAME(SORT_BY_ALIGNMENT(._reset_driver_api.static.*)))
 ._reset_driver_api.static.reset_stm32_driver_api_
                0x0000000008005538       0x10 zephyr/drivers/reset/libdrivers__reset.a(reset_stm32.c.obj)
                0x0000000008005548                _reset_driver_api_list_end = .

shared_irq_driver_api_area
                0x0000000008005548        0x0
                0x0000000008005548                _shared_irq_driver_api_list_start = .
 *(SORT_BY_NAME(SORT_BY_ALIGNMENT(._shared_irq_driver_api.static.*)))
                0x0000000008005548                _shared_irq_driver_api_list_end = .

crypto_driver_api_area
                0x0000000008005548        0x0
                0x0000000008005548                _crypto_driver_api_list_start = .
 *(SORT_BY_NAME(SORT_BY_ALIGNMENT(._crypto_driver_api.static.*)))
                0x0000000008005548                _crypto_driver_api_list_end = .

adc_driver_api_area
                0x0000000008005548        0x0
                0x0000000008005548                _adc_driver_api_list_start = .
 *(SORT_BY_NAME(SORT_BY_ALIGNMENT(._adc_driver_api.static.*)))
                0x0000000008005548                _adc_driver_api_list_end = .

auxdisplay_driver_api_area
                0x0000000008005548        0x0
                0x0000000008005548                _auxdisplay_driver_api_list_start = .
 *(SORT_BY_NAME(SORT_BY_ALIGNMENT(._auxdisplay_driver_api.static.*)))
                0x0000000008005548                _auxdisplay_driver_api_list_end = .

bbram_driver_api_area
                0x0000000008005548        0x0
                0x0000000008005548                _bbram_driver_api_list_start = .
 *(SORT_BY_NAME(SORT_BY_ALIGNMENT(._bbram_driver_api.static.*)))
                0x0000000008005548                _bbram_driver_api_list_end = .

bt_hci_driver_api_area
                0x0000000008005548        0x0
                0x0000000008005548                _bt_hci_driver_api_list_start = .
 *(SORT_BY_NAME(SORT_BY_ALIGNMENT(._bt_hci_driver_api.static.*)))
                0x0000000008005548                _bt_hci_driver_api_list_end = .

can_driver_api_area
                0x0000000008005548        0x0
                0x0000000008005548                _can_driver_api_list_start = .
 *(SORT_BY_NAME(SORT_BY_ALIGNMENT(._can_driver_api.static.*)))
                0x0000000008005548                _can_driver_api_list_end = .

cellular_driver_api_area
                0x0000000008005548        0x0
                0x0000000008005548                _cellular_driver_api_list_start = .
 *(SORT_BY_NAME(SORT_BY_ALIGNMENT(._cellular_driver_api.static.*)))
                0x0000000008005548                _cellular_driver_api_list_end = .

charger_driver_api_area
                0x0000000008005548        0x0
                0x0000000008005548                _charger_driver_api_list_start = .
 *(SORT_BY_NAME(SORT_BY_ALIGNMENT(._charger_driver_api.static.*)))
                0x0000000008005548                _charger_driver_api_list_end = .

clock_control_driver_api_area
                0x0000000008005548       0x1c
                0x0000000008005548                _clock_control_driver_api_list_start = .
 *(SORT_BY_NAME(SORT_BY_ALIGNMENT(._clock_control_driver_api.static.*)))
 ._clock_control_driver_api.static.stm32_clock_control_api_
                0x0000000008005548       0x1c zephyr/drivers/clock_control/libdrivers__clock_control.a(clock_stm32_ll_common.c.obj)
                0x0000000008005564                _clock_control_driver_api_list_end = .

comparator_driver_api_area
                0x0000000008005564        0x0
                0x0000000008005564                _comparator_driver_api_list_start = .
 *(SORT_BY_NAME(SORT_BY_ALIGNMENT(._comparator_driver_api.static.*)))
                0x0000000008005564                _comparator_driver_api_list_end = .

coredump_driver_api_area
                0x0000000008005564        0x0
                0x0000000008005564                _coredump_driver_api_list_start = .
 *(SORT_BY_NAME(SORT_BY_ALIGNMENT(._coredump_driver_api.static.*)))
                0x0000000008005564                _coredump_driver_api_list_end = .

counter_driver_api_area
                0x0000000008005564        0x0
                0x0000000008005564                _counter_driver_api_list_start = .
 *(SORT_BY_NAME(SORT_BY_ALIGNMENT(._counter_driver_api.static.*)))
                0x0000000008005564                _counter_driver_api_list_end = .

dac_driver_api_area
                0x0000000008005564        0x0
                0x0000000008005564                _dac_driver_api_list_start = .
 *(SORT_BY_NAME(SORT_BY_ALIGNMENT(._dac_driver_api.static.*)))
                0x0000000008005564                _dac_driver_api_list_end = .

dai_driver_api_area
                0x0000000008005564        0x0
                0x0000000008005564                _dai_driver_api_list_start = .
 *(SORT_BY_NAME(SORT_BY_ALIGNMENT(._dai_driver_api.static.*)))
                0x0000000008005564                _dai_driver_api_list_end = .

display_driver_api_area
                0x0000000008005564        0x0
                0x0000000008005564                _display_driver_api_list_start = .
 *(SORT_BY_NAME(SORT_BY_ALIGNMENT(._display_driver_api.static.*)))
                0x0000000008005564                _display_driver_api_list_end = .

edac_driver_api_area
                0x0000000008005564        0x0
                0x0000000008005564                _edac_driver_api_list_start = .
 *(SORT_BY_NAME(SORT_BY_ALIGNMENT(._edac_driver_api.static.*)))
                0x0000000008005564                _edac_driver_api_list_end = .

eeprom_driver_api_area
                0x0000000008005564        0x0
                0x0000000008005564                _eeprom_driver_api_list_start = .
 *(SORT_BY_NAME(SORT_BY_ALIGNMENT(._eeprom_driver_api.static.*)))
                0x0000000008005564                _eeprom_driver_api_list_end = .

emul_bbram_driver_api_area
                0x0000000008005564        0x0
                0x0000000008005564                _emul_bbram_driver_api_list_start = .
 *(SORT_BY_NAME(SORT_BY_ALIGNMENT(._emul_bbram_driver_api.static.*)))
                0x0000000008005564                _emul_bbram_driver_api_list_end = .

fuel_gauge_emul_driver_api_area
                0x0000000008005564        0x0
                0x0000000008005564                _fuel_gauge_emul_driver_api_list_start = .
 *(SORT_BY_NAME(SORT_BY_ALIGNMENT(._fuel_gauge_emul_driver_api.static.*)))
                0x0000000008005564                _fuel_gauge_emul_driver_api_list_end = .

emul_sensor_driver_api_area
                0x0000000008005564        0x0
                0x0000000008005564                _emul_sensor_driver_api_list_start = .
 *(SORT_BY_NAME(SORT_BY_ALIGNMENT(._emul_sensor_driver_api.static.*)))
                0x0000000008005564                _emul_sensor_driver_api_list_end = .

entropy_driver_api_area
                0x0000000008005564        0x0
                0x0000000008005564                _entropy_driver_api_list_start = .
 *(SORT_BY_NAME(SORT_BY_ALIGNMENT(._entropy_driver_api.static.*)))
                0x0000000008005564                _entropy_driver_api_list_end = .

espi_driver_api_area
                0x0000000008005564        0x0
                0x0000000008005564                _espi_driver_api_list_start = .
 *(SORT_BY_NAME(SORT_BY_ALIGNMENT(._espi_driver_api.static.*)))
                0x0000000008005564                _espi_driver_api_list_end = .

espi_saf_driver_api_area
                0x0000000008005564        0x0
                0x0000000008005564                _espi_saf_driver_api_list_start = .
 *(SORT_BY_NAME(SORT_BY_ALIGNMENT(._espi_saf_driver_api.static.*)))
                0x0000000008005564                _espi_saf_driver_api_list_end = .

flash_driver_api_area
                0x0000000008005564        0x0
                0x0000000008005564                _flash_driver_api_list_start = .
 *(SORT_BY_NAME(SORT_BY_ALIGNMENT(._flash_driver_api.static.*)))
                0x0000000008005564                _flash_driver_api_list_end = .

fpga_driver_api_area
                0x0000000008005564        0x0
                0x0000000008005564                _fpga_driver_api_list_start = .
 *(SORT_BY_NAME(SORT_BY_ALIGNMENT(._fpga_driver_api.static.*)))
                0x0000000008005564                _fpga_driver_api_list_end = .

fuel_gauge_driver_api_area
                0x0000000008005564        0x0
                0x0000000008005564                _fuel_gauge_driver_api_list_start = .
 *(SORT_BY_NAME(SORT_BY_ALIGNMENT(._fuel_gauge_driver_api.static.*)))
                0x0000000008005564                _fuel_gauge_driver_api_list_end = .

gnss_driver_api_area
                0x0000000008005564        0x0
                0x0000000008005564                _gnss_driver_api_list_start = .
 *(SORT_BY_NAME(SORT_BY_ALIGNMENT(._gnss_driver_api.static.*)))
                0x0000000008005564                _gnss_driver_api_list_end = .

haptics_driver_api_area
                0x0000000008005564        0x0
                0x0000000008005564                _haptics_driver_api_list_start = .
 *(SORT_BY_NAME(SORT_BY_ALIGNMENT(._haptics_driver_api.static.*)))
                0x0000000008005564                _haptics_driver_api_list_end = .

hwspinlock_driver_api_area
                0x0000000008005564        0x0
                0x0000000008005564                _hwspinlock_driver_api_list_start = .
 *(SORT_BY_NAME(SORT_BY_ALIGNMENT(._hwspinlock_driver_api.static.*)))
                0x0000000008005564                _hwspinlock_driver_api_list_end = .

i2c_driver_api_area
                0x0000000008005564        0x0
                0x0000000008005564                _i2c_driver_api_list_start = .
 *(SORT_BY_NAME(SORT_BY_ALIGNMENT(._i2c_driver_api.static.*)))
                0x0000000008005564                _i2c_driver_api_list_end = .

i2c_target_driver_api_area
                0x0000000008005564        0x0
                0x0000000008005564                _i2c_target_driver_api_list_start = .
 *(SORT_BY_NAME(SORT_BY_ALIGNMENT(._i2c_target_driver_api.static.*)))
                0x0000000008005564                _i2c_target_driver_api_list_end = .

i3c_driver_api_area
                0x0000000008005564        0x0
                0x0000000008005564                _i3c_driver_api_list_start = .
 *(SORT_BY_NAME(SORT_BY_ALIGNMENT(._i3c_driver_api.static.*)))
                0x0000000008005564                _i3c_driver_api_list_end = .

ipm_driver_api_area
                0x0000000008005564        0x0
                0x0000000008005564                _ipm_driver_api_list_start = .
 *(SORT_BY_NAME(SORT_BY_ALIGNMENT(._ipm_driver_api.static.*)))
                0x0000000008005564                _ipm_driver_api_list_end = .

kscan_driver_api_area
                0x0000000008005564        0x0
                0x0000000008005564                _kscan_driver_api_list_start = .
 *(SORT_BY_NAME(SORT_BY_ALIGNMENT(._kscan_driver_api.static.*)))
                0x0000000008005564                _kscan_driver_api_list_end = .

led_driver_api_area
                0x0000000008005564        0x0
                0x0000000008005564                _led_driver_api_list_start = .
 *(SORT_BY_NAME(SORT_BY_ALIGNMENT(._led_driver_api.static.*)))
                0x0000000008005564                _led_driver_api_list_end = .

led_strip_driver_api_area
                0x0000000008005564        0x0
                0x0000000008005564                _led_strip_driver_api_list_start = .
 *(SORT_BY_NAME(SORT_BY_ALIGNMENT(._led_strip_driver_api.static.*)))
                0x0000000008005564                _led_strip_driver_api_list_end = .

lora_driver_api_area
                0x0000000008005564        0x0
                0x0000000008005564                _lora_driver_api_list_start = .
 *(SORT_BY_NAME(SORT_BY_ALIGNMENT(._lora_driver_api.static.*)))
                0x0000000008005564                _lora_driver_api_list_end = .

mbox_driver_api_area
                0x0000000008005564        0x0
                0x0000000008005564                _mbox_driver_api_list_start = .
 *(SORT_BY_NAME(SORT_BY_ALIGNMENT(._mbox_driver_api.static.*)))
                0x0000000008005564                _mbox_driver_api_list_end = .

mdio_driver_api_area
                0x0000000008005564        0x0
                0x0000000008005564                _mdio_driver_api_list_start = .
 *(SORT_BY_NAME(SORT_BY_ALIGNMENT(._mdio_driver_api.static.*)))
                0x0000000008005564                _mdio_driver_api_list_end = .

mipi_dbi_driver_api_area
                0x0000000008005564        0x0
                0x0000000008005564                _mipi_dbi_driver_api_list_start = .
 *(SORT_BY_NAME(SORT_BY_ALIGNMENT(._mipi_dbi_driver_api.static.*)))
                0x0000000008005564                _mipi_dbi_driver_api_list_end = .

mipi_dsi_driver_api_area
                0x0000000008005564        0x0
                0x0000000008005564                _mipi_dsi_driver_api_list_start = .
 *(SORT_BY_NAME(SORT_BY_ALIGNMENT(._mipi_dsi_driver_api.static.*)))
                0x0000000008005564                _mipi_dsi_driver_api_list_end = .

mspi_driver_api_area
                0x0000000008005564        0x0
                0x0000000008005564                _mspi_driver_api_list_start = .
 *(SORT_BY_NAME(SORT_BY_ALIGNMENT(._mspi_driver_api.static.*)))
                0x0000000008005564                _mspi_driver_api_list_end = .

peci_driver_api_area
                0x0000000008005564        0x0
                0x0000000008005564                _peci_driver_api_list_start = .
 *(SORT_BY_NAME(SORT_BY_ALIGNMENT(._peci_driver_api.static.*)))
                0x0000000008005564                _peci_driver_api_list_end = .

ps2_driver_api_area
                0x0000000008005564        0x0
                0x0000000008005564                _ps2_driver_api_list_start = .
 *(SORT_BY_NAME(SORT_BY_ALIGNMENT(._ps2_driver_api.static.*)))
                0x0000000008005564                _ps2_driver_api_list_end = .

ptp_clock_driver_api_area
                0x0000000008005564        0x0
                0x0000000008005564                _ptp_clock_driver_api_list_start = .
 *(SORT_BY_NAME(SORT_BY_ALIGNMENT(._ptp_clock_driver_api.static.*)))
                0x0000000008005564                _ptp_clock_driver_api_list_end = .

pwm_driver_api_area
                0x0000000008005564        0x0
                0x0000000008005564                _pwm_driver_api_list_start = .
 *(SORT_BY_NAME(SORT_BY_ALIGNMENT(._pwm_driver_api.static.*)))
                0x0000000008005564                _pwm_driver_api_list_end = .

regulator_parent_driver_api_area
                0x0000000008005564        0x0
                0x0000000008005564                _regulator_parent_driver_api_list_start = .
 *(SORT_BY_NAME(SORT_BY_ALIGNMENT(._regulator_parent_driver_api.static.*)))
                0x0000000008005564                _regulator_parent_driver_api_list_end = .

regulator_driver_api_area
                0x0000000008005564        0x0
                0x0000000008005564                _regulator_driver_api_list_start = .
 *(SORT_BY_NAME(SORT_BY_ALIGNMENT(._regulator_driver_api.static.*)))
                0x0000000008005564                _regulator_driver_api_list_end = .

retained_mem_driver_api_area
                0x0000000008005564        0x0
                0x0000000008005564                _retained_mem_driver_api_list_start = .
 *(SORT_BY_NAME(SORT_BY_ALIGNMENT(._retained_mem_driver_api.static.*)))
                0x0000000008005564                _retained_mem_driver_api_list_end = .

rtc_driver_api_area
                0x0000000008005564        0x0
                0x0000000008005564                _rtc_driver_api_list_start = .
 *(SORT_BY_NAME(SORT_BY_ALIGNMENT(._rtc_driver_api.static.*)))
                0x0000000008005564                _rtc_driver_api_list_end = .

sdhc_driver_api_area
                0x0000000008005564        0x0
                0x0000000008005564                _sdhc_driver_api_list_start = .
 *(SORT_BY_NAME(SORT_BY_ALIGNMENT(._sdhc_driver_api.static.*)))
                0x0000000008005564                _sdhc_driver_api_list_end = .

sensor_driver_api_area
                0x0000000008005564        0x0
                0x0000000008005564                _sensor_driver_api_list_start = .
 *(SORT_BY_NAME(SORT_BY_ALIGNMENT(._sensor_driver_api.static.*)))
                0x0000000008005564                _sensor_driver_api_list_end = .

smbus_driver_api_area
                0x0000000008005564        0x0
                0x0000000008005564                _smbus_driver_api_list_start = .
 *(SORT_BY_NAME(SORT_BY_ALIGNMENT(._smbus_driver_api.static.*)))
                0x0000000008005564                _smbus_driver_api_list_end = .

spi_driver_api_area
                0x0000000008005564        0x0
                0x0000000008005564                _spi_driver_api_list_start = .
 *(SORT_BY_NAME(SORT_BY_ALIGNMENT(._spi_driver_api.static.*)))
                0x0000000008005564                _spi_driver_api_list_end = .

stepper_driver_api_area
                0x0000000008005564        0x0
                0x0000000008005564                _stepper_driver_api_list_start = .
 *(SORT_BY_NAME(SORT_BY_ALIGNMENT(._stepper_driver_api.static.*)))
                0x0000000008005564                _stepper_driver_api_list_end = .

syscon_driver_api_area
                0x0000000008005564        0x0
                0x0000000008005564                _syscon_driver_api_list_start = .
 *(SORT_BY_NAME(SORT_BY_ALIGNMENT(._syscon_driver_api.static.*)))
                0x0000000008005564                _syscon_driver_api_list_end = .

tee_driver_api_area
                0x0000000008005564        0x0
                0x0000000008005564                _tee_driver_api_list_start = .
 *(SORT_BY_NAME(SORT_BY_ALIGNMENT(._tee_driver_api.static.*)))
                0x0000000008005564                _tee_driver_api_list_end = .

video_driver_api_area
                0x0000000008005564        0x0
                0x0000000008005564                _video_driver_api_list_start = .
 *(SORT_BY_NAME(SORT_BY_ALIGNMENT(._video_driver_api.static.*)))
                0x0000000008005564                _video_driver_api_list_end = .

w1_driver_api_area
                0x0000000008005564        0x0
                0x0000000008005564                _w1_driver_api_list_start = .
 *(SORT_BY_NAME(SORT_BY_ALIGNMENT(._w1_driver_api.static.*)))
                0x0000000008005564                _w1_driver_api_list_end = .

wdt_driver_api_area
                0x0000000008005564        0x0
                0x0000000008005564                _wdt_driver_api_list_start = .
 *(SORT_BY_NAME(SORT_BY_ALIGNMENT(._wdt_driver_api.static.*)))
                0x0000000008005564                _wdt_driver_api_list_end = .

can_transceiver_driver_api_area
                0x0000000008005564        0x0
                0x0000000008005564                _can_transceiver_driver_api_list_start = .
 *(SORT_BY_NAME(SORT_BY_ALIGNMENT(._can_transceiver_driver_api.static.*)))
                0x0000000008005564                _can_transceiver_driver_api_list_end = .

nrf_clock_control_driver_api_area
                0x0000000008005564        0x0
                0x0000000008005564                _nrf_clock_control_driver_api_list_start = .
 *(SORT_BY_NAME(SORT_BY_ALIGNMENT(._nrf_clock_control_driver_api.static.*)))
                0x0000000008005564                _nrf_clock_control_driver_api_list_end = .

i3c_target_driver_api_area
                0x0000000008005564        0x0
                0x0000000008005564                _i3c_target_driver_api_list_start = .
 *(SORT_BY_NAME(SORT_BY_ALIGNMENT(._i3c_target_driver_api.static.*)))
                0x0000000008005564                _i3c_target_driver_api_list_end = .

its_driver_api_area
                0x0000000008005564        0x0
                0x0000000008005564                _its_driver_api_list_start = .
 *(SORT_BY_NAME(SORT_BY_ALIGNMENT(._its_driver_api.static.*)))
                0x0000000008005564                _its_driver_api_list_end = .

vtd_driver_api_area
                0x0000000008005564        0x0
                0x0000000008005564                _vtd_driver_api_list_start = .
 *(SORT_BY_NAME(SORT_BY_ALIGNMENT(._vtd_driver_api.static.*)))
                0x0000000008005564                _vtd_driver_api_list_end = .

tgpio_driver_api_area
                0x0000000008005564        0x0
                0x0000000008005564                _tgpio_driver_api_list_start = .
 *(SORT_BY_NAME(SORT_BY_ALIGNMENT(._tgpio_driver_api.static.*)))
                0x0000000008005564                _tgpio_driver_api_list_end = .

pcie_ctrl_driver_api_area
                0x0000000008005564        0x0
                0x0000000008005564                _pcie_ctrl_driver_api_list_start = .
 *(SORT_BY_NAME(SORT_BY_ALIGNMENT(._pcie_ctrl_driver_api.static.*)))
                0x0000000008005564                _pcie_ctrl_driver_api_list_end = .

pcie_ep_driver_api_area
                0x0000000008005564        0x0
                0x0000000008005564                _pcie_ep_driver_api_list_start = .
 *(SORT_BY_NAME(SORT_BY_ALIGNMENT(._pcie_ep_driver_api.static.*)))
                0x0000000008005564                _pcie_ep_driver_api_list_end = .

svc_driver_api_area
                0x0000000008005564        0x0
                0x0000000008005564                _svc_driver_api_list_start = .
 *(SORT_BY_NAME(SORT_BY_ALIGNMENT(._svc_driver_api.static.*)))
                0x0000000008005564                _svc_driver_api_list_end = .

uart_driver_api_area
                0x0000000008005564       0x14
                0x0000000008005564                _uart_driver_api_list_start = .
 *(SORT_BY_NAME(SORT_BY_ALIGNMENT(._uart_driver_api.static.*)))
 ._uart_driver_api.static.uart_stm32_driver_api_
                0x0000000008005564       0x14 zephyr/drivers/serial/libdrivers__serial.a(uart_stm32.c.obj)
                0x0000000008005578                _uart_driver_api_list_end = .

bc12_emul_driver_api_area
                0x0000000008005578        0x0
                0x0000000008005578                _bc12_emul_driver_api_list_start = .
 *(SORT_BY_NAME(SORT_BY_ALIGNMENT(._bc12_emul_driver_api.static.*)))
                0x0000000008005578                _bc12_emul_driver_api_list_end = .

bc12_driver_api_area
                0x0000000008005578        0x0
                0x0000000008005578                _bc12_driver_api_list_start = .
 *(SORT_BY_NAME(SORT_BY_ALIGNMENT(._bc12_driver_api.static.*)))
                0x0000000008005578                _bc12_driver_api_list_end = .

usbc_ppc_driver_api_area
                0x0000000008005578        0x0
                0x0000000008005578                _usbc_ppc_driver_api_list_start = .
 *(SORT_BY_NAME(SORT_BY_ALIGNMENT(._usbc_ppc_driver_api.static.*)))
                0x0000000008005578                _usbc_ppc_driver_api_list_end = .

tcpc_driver_api_area
                0x0000000008005578        0x0
                0x0000000008005578                _tcpc_driver_api_list_start = .
 *(SORT_BY_NAME(SORT_BY_ALIGNMENT(._tcpc_driver_api.static.*)))
                0x0000000008005578                _tcpc_driver_api_list_end = .

usbc_vbus_driver_api_area
                0x0000000008005578        0x0
                0x0000000008005578                _usbc_vbus_driver_api_list_start = .
 *(SORT_BY_NAME(SORT_BY_ALIGNMENT(._usbc_vbus_driver_api.static.*)))
                0x0000000008005578                _usbc_vbus_driver_api_list_end = .

ivshmem_driver_api_area
                0x0000000008005578        0x0
                0x0000000008005578                _ivshmem_driver_api_list_start = .
 *(SORT_BY_NAME(SORT_BY_ALIGNMENT(._ivshmem_driver_api.static.*)))
                0x0000000008005578                _ivshmem_driver_api_list_end = .

ethphy_driver_api_area
                0x0000000008005578        0x0
                0x0000000008005578                _ethphy_driver_api_list_start = .
 *(SORT_BY_NAME(SORT_BY_ALIGNMENT(._ethphy_driver_api.static.*)))
                0x0000000008005578                _ethphy_driver_api_list_end = .

ztest           0x0000000008005578        0x0
                0x0000000008005578                _ztest_expected_result_entry_list_start = .
 *(SORT_BY_NAME(SORT_BY_ALIGNMENT(._ztest_expected_result_entry.static.*)))
                0x0000000008005578                _ztest_expected_result_entry_list_end = .
                0x0000000008005578                _ztest_suite_node_list_start = .
 *(SORT_BY_NAME(SORT_BY_ALIGNMENT(._ztest_suite_node.static.*)))
                0x0000000008005578                _ztest_suite_node_list_end = .
                0x0000000008005578                _ztest_unit_test_list_start = .
 *(SORT_BY_NAME(SORT_BY_ALIGNMENT(._ztest_unit_test.static.*)))
                0x0000000008005578                _ztest_unit_test_list_end = .
                0x0000000008005578                _ztest_test_rule_list_start = .
 *(SORT_BY_NAME(SORT_BY_ALIGNMENT(._ztest_test_rule.static.*)))
                0x0000000008005578                _ztest_test_rule_list_end = .

init_array      0x0000000008005578        0x0
 *(SORT_BY_NAME(SORT_BY_ALIGNMENT(.ctors*)))
 *(SORT_BY_NAME(SORT_BY_ALIGNMENT(.init_array*)))
                0x0000000000000001                ASSERT ((SIZEOF (init_array) == 0x0), GNU-style constructors required but STATIC_INIT_GNU not enabled)

bt_l2cap_fixed_chan_area
                0x0000000008005578        0x0
                0x0000000008005578                _bt_l2cap_fixed_chan_list_start = .
 *(SORT_BY_NAME(SORT_BY_ALIGNMENT(._bt_l2cap_fixed_chan.static.*)))
                0x0000000008005578                _bt_l2cap_fixed_chan_list_end = .

bt_gatt_service_static_area
                0x0000000008005578        0x0
                0x0000000008005578                _bt_gatt_service_static_list_start = .
 *(SORT_BY_NAME(SORT_BY_ALIGNMENT(._bt_gatt_service_static.static.*)))
                0x0000000008005578                _bt_gatt_service_static_list_end = .

log_strings_area
                0x0000000008005578        0x0
                0x0000000008005578                _log_strings_list_start = .